Component: ARM Compiler 5.06 update 6 (build 750) Tool: armlink [4d35ed]

==============================================================================

Section Cross References

    stm32f10x.o(RESET) refers to stm32f10x.o(STACK) for __initial_sp
    stm32f10x.o(RESET) refers to stm32f10x.o(.text) for Reset_Handler
    stm32f10x.o(RESET) refers to port.o(.emb_text) for vPortSVCHandler
    stm32f10x.o(RESET) refers to port.o(.text) for xPortSysTickHandler
    stm32f10x.o(RESET) refers to serial.o(.text) for vUARTInterruptHandler
    stm32f10x.o(.text) refers to entry.o(.ARM.Collect$$$$00000000) for __main
    stm32f10x_gpio.o(.text) refers to stm32f10x_rcc.o(.text) for RCC_APB2PeriphResetCmd
    stm32f10x_nvic.o(.text) refers to cortexm3_macro_rvds.o(.text) for __SETPRIMASK
    stm32f10x_rcc.o(.text) refers to stm32f10x_rcc.o(.constdata) for APBAHBPrescTable
    stm32f10x_spi.o(.text) refers to stm32f10x_rcc.o(.text) for RCC_APB2PeriphResetCmd
    stm32f10x_tim.o(.text) refers to stm32f10x_rcc.o(.text) for RCC_APB1PeriphResetCmd
    stm32f10x_tim.o(.text) refers to stm32f10x_tim.o(.constdata) for Tab_OCModeMask
    stm32f10x_usart.o(.text) refers to stm32f10x_rcc.o(.text) for RCC_APB2PeriphResetCmd
    main.o(.text) refers to printf4.o(i.__0printf$4) for __2printf
    main.o(.text) refers to queue.o(.text) for xQueueCreate
    main.o(.text) refers to stm32f10x_gpio.o(.text) for GPIO_Init
    main.o(.text) refers to pin_listener.o(.text) for setupPinListeners
    main.o(.text) refers to position_tracker.o(.text) for setupPositionTracker
    main.o(.text) refers to stm32f10x_rcc.o(.text) for RCC_APB1PeriphClockCmd
    main.o(.text) refers to stm32f10x_tim.o(.text) for TIM_DeInit
    main.o(.text) refers to motor.o(.text) for setupMotor
    main.o(.text) refers to setup.o(.text) for prvSetupHardware
    main.o(.text) refers to planner.o(.text) for setupPlanner
    main.o(.text) refers to safety.o(.text) for setupSafety
    main.o(.text) refers to tasks.o(.text) for vTaskStartScheduler
    main.o(.text) refers to main.o(.data) for pinEventQueue
    main.o(.text) refers to main.o(.bss) for carPositionTracker
    setup.o(.text) refers to stm32f10x_rcc.o(.text) for RCC_DeInit
    setup.o(.text) refers to stm32f10x_nvic.o(.text) for NVIC_SetVectorTable
    setup.o(.text) refers to stm32f10x_systick.o(.text) for SysTick_CLKSourceConfig
    setup.o(.text) refers to serial.o(.text) for xSerialPortInitMinimal
    setup.o(.text) refers to setup.o(.data) for xPort
    pin_listener.o(.text) refers to stm32f10x_gpio.o(.text) for GPIO_ReadInputDataBit
    pin_listener.o(.text) refers to queue.o(.text) for xQueueGenericSend
    pin_listener.o(.text) refers to memcpya.o(.text) for __aeabi_memcpy4
    pin_listener.o(.text) refers to tasks.o(.text) for xTaskGetTickCount
    pin_listener.o(.text) refers to main.o(.text) for assert_failed
    pin_listener.o(.text) refers to pin_listener.o(.data) for pin0Status
    position_tracker.o(.text) refers to stm32f10x_gpio.o(.text) for GPIO_ReadInputDataBit
    position_tracker.o(.text) refers to printf4.o(i.__0printf$4) for __2printf
    position_tracker.o(.text) refers to tasks.o(.text) for vTaskDelayUntil
    position_tracker.o(.text) refers to queue.o(.text) for xQueueCreateMutex
    position_tracker.o(.text) refers to main.o(.text) for assert_failed
    position_tracker.o(.text) refers to position_tracker.o(.data) for xLastWakeTime
    motor.o(.text) refers to stm32f10x_tim.o(.text) for TIM_SetCompare1
    motor.o(.text) refers to main.o(.text) for assert_failed
    motor.o(.text) refers to tasks.o(.text) for xTaskGetTickCount
    motor.o(.text) refers to queue.o(.text) for xQueueGenericReceive
    motor.o(.text) refers to position_tracker.o(.text) for getPosition
    planner.o(.text) refers to queue.o(.text) for xQueueCreate
    planner.o(.text) refers to stm32f10x_gpio.o(.text) for GPIO_ReadInputDataBit
    planner.o(.text) refers to tasks.o(.text) for vTaskDelay
    planner.o(.text) refers to main.o(.text) for getCarPosition
    planner.o(.text) refers to printf4.o(i.__0printf$4) for __2printf
    planner.o(.text) refers to planner.o(.data) for plannerQueue
    planner.o(.text) refers to main.o(.data) for pinEventQueue
    safety.o(.text) refers to printf4.o(i.__0printf$4) for __2printf
    safety.o(.text) refers to main.o(.text) for setCarMotorStopped
    safety.o(.text) refers to tasks.o(.text) for vTaskDelayUntil
    safety.o(.text) refers to stm32f10x_gpio.o(.text) for GPIO_ReadInputDataBit
    safety.o(.text) refers to dflti.o(.text) for __aeabi_i2d
    safety.o(.text) refers to dmul.o(.text) for __aeabi_dmul
    safety.o(.text) refers to d2f.o(.text) for __aeabi_d2f
    safety.o(.text) refers to f2d.o(.text) for __aeabi_f2d
    safety.o(.text) refers to cdcmple.o(.text) for __aeabi_cdcmple
    safety.o(.text) refers to safety.o(.data) for xLastWakeTime
[...]
    printf2.o(i.__0printf$2) refers to stdout.o(.data) for __stdout
    printf2.o(i.__0snprintf$2) refers to printf2.o(i._printf_core) for _printf_core
    printf2.o(i.__0snprintf$2) refers to printf2.o(i._snputc) for _snputc
    printf2.o(i.__0sprintf$2) refers to printf2.o(i._printf_core) for _printf_core
    printf2.o(i.__0sprintf$2) refers to printf2.o(i._sputc) for _sputc
    printf2.o(i.__0vfprintf$2) refers to printf2.o(i._printf_core) for _printf_core
    printf2.o(i.__0vfprintf$2) refers to setup.o(.text) for fputc
    printf2.o(i.__0vprintf$2) refers to printf2.o(i._printf_core) for _printf_core
    printf2.o(i.__0vprintf$2) refers to setup.o(.text) for fputc
    printf2.o(i.__0vprintf$2) refers to stdout.o(.data) for __stdout
    printf2.o(i.__0vsnprintf$2) refers to printf2.o(i._printf_core) for _printf_core
    printf2.o(i.__0vsnprintf$2) refers to printf2.o(i._snputc) for _snputc
    printf2.o(i.__0vsprintf$2) refers to printf2.o(i._printf_core) for _printf_core
    printf2.o(i.__0vsprintf$2) refers to printf2.o(i._sputc) for _sputc
    printf3.o(i.__0fprintf$3) refers to printf3.o(i._printf_core) for _printf_core
    printf3.o(i.__0fprintf$3) refers to setup.o(.text) for fputc
    printf3.o(i.__0printf$3) refers to printf3.o(i._printf_core) for _printf_core
    printf3.o(i.__0printf$3) refers to setup.o(.text) for fputc
    printf3.o(i.__0printf$3) refers to stdout.o(.data) for __stdout
    printf3.o(i.__0snprintf$3) refers to printf3.o(i._printf_core) for _printf_core
    printf3.o(i.__0snprintf$3) refers to printf3.o(i._snputc) for _snputc
    printf3.o(i.__0sprintf$3) refers to printf3.o(i._printf_core) for _printf_core
    printf3.o(i.__0sprintf$3) refers to printf3.o(i._sputc) for _sputc
    printf3.o(i.__0vfprintf$3) refers to printf3.o(i._printf_core) for _printf_core
    printf3.o(i.__0vfprintf$3) refers to setup.o(.text) for fputc
    printf3.o(i.__0vprintf$3) refers to printf3.o(i._printf_core) for _printf_core
    printf3.o(i.__0vprintf$3) refers to setup.o(.text) for fputc
    printf3.o(i.__0vprintf$3) refers to stdout.o(.data) for __stdout
    printf3.o(i.__0vsnprintf$3) refers to printf3.o(i._printf_core) for _printf_core
    printf3.o(i.__0vsnprintf$3) refers to printf3.o(i._snputc) for _snputc
    printf3.o(i.__0vsprintf$3) refers to printf3.o(i._printf_core) for _printf_core
    printf3.o(i.__0vsprintf$3) refers to printf3.o(i._sputc) for _sputc
    printf3.o(i._printf_core) refers to uidiv.o(.text) for __aeabi_uidivmod
    printf4.o(i.__0fprintf$4) refers to printf4.o(i._printf_core) for _printf_core
    printf4.o(i.__0fprintf$4) refers to setup.o(.text) for fputc
    printf4.o(i.__0printf$4) refers to printf4.o(i._printf_core) for _printf_core
    printf4.o(i.__0printf$4) refers to setup.o(.text) for fputc
    printf4.o(i.__0printf$4) refers to stdout.o(.data) for __stdout
    printf4.o(i.__0snprintf$4) refers to printf4.o(i._printf_core) for _printf_core
    printf4.o(i.__0snprintf$4) refers to printf4.o(i._snputc) for _snputc
    printf4.o(i.__0sprintf$4) refers to printf4.o(i._printf_core) for _printf_core
    printf4.o(i.__0sprintf$4) refers to printf4.o(i._sputc) for _sputc
    printf4.o(i.__0vfprintf$4) refers to printf4.o(i._printf_core) for _printf_core
    printf4.o(i.__0vfprintf$4) refers to setup.o(.text) for fputc
    printf4.o(i.__0vprintf$4) refers to printf4.o(i._printf_core) for _printf_core
    printf4.o(i.__0vprintf$4) refers to setup.o(.text) for fputc
    printf4.o(i.__0vprintf$4) refers to stdout.o(.data) for __stdout
    printf4.o(i.__0vsnprintf$4) refers to printf4.o(i._printf_core) for _printf_core
    printf4.o(i.__0vsnprintf$4) refers to printf4.o(i._snputc) for _snputc
    printf4.o(i.__0vsprintf$4) refers to printf4.o(i._printf_core) for _printf_core
    printf4.o(i.__0vsprintf$4) refers to printf4.o(i._sputc) for _sputc
    printf4.o(i._printf_core) refers to uldiv.o(.text) for __aeabi_uldivmod
    printf5.o(i.__0fprintf$5) refers to printf5.o(i._printf_core) for _printf_core
    printf5.o(i.__0fprintf$5) refers to setup.o(.text) for fputc
    printf5.o(i.__0printf$5) refers to printf5.o(i._printf_core) for _printf_core
    printf5.o(i.__0printf$5) refers to setup.o(.text) for fputc
    printf5.o(i.__0printf$5) refers to stdout.o(.data) for __stdout
    printf5.o(i.__0snprintf$5) refers to printf5.o(i._printf_core) for _printf_core
    printf5.o(i.__0snprintf$5) refers to printf5.o(i._snputc) for _snputc
    printf5.o(i.__0sprintf$5) refers to printf5.o(i._printf_core) for _printf_core
    printf5.o(i.__0sprintf$5) refers to printf5.o(i._sputc) for _sputc
    printf5.o(i.__0vfprintf$5) refers to printf5.o(i._printf_core) for _printf_core
    printf5.o(i.__0vfprintf$5) refers to setup.o(.text) for fputc
    printf5.o(i.__0vprintf$5) refers to printf5.o(i._printf_core) for _printf_core
    printf5.o(i.__0vprintf$5) refers to setup.o(.text) for fputc
    printf5.o(i.__0vprintf$5) refers to stdout.o(.data) for __stdout
    printf5.o(i.__0vsnprintf$5) refers to printf5.o(i._printf_core) for _printf_core
    printf5.o(i.__0vsnprintf$5) refers to printf5.o(i._snputc) for _snputc
    printf5.o(i.__0vsprintf$5) refers to printf5.o(i._printf_core) for _printf_core
    printf5.o(i.__0vsprintf$5) refers to printf5.o(i._sputc) for _sputc
    printf5.o(i._printf_core) refers to uldiv.o(.text) for __aeabi_uldivmod
    printf6.o(i.__0fprintf$6) refers to printf6.o(i._printf_core) for _printf_core
    printf6.o(i.__0fprintf$6) refers to setup.o(.text) for fputc
    printf6.o(i.__0printf$6) refers to printf6.o(i._printf_core) for _printf_core
    printf6.o(i.__0printf$6) refers to setup.o(.text) for fputc
    printf6.o(i.__0printf$6) refers to stdout.o(.data) for __stdout
    printf6.o(i.__0snprintf$6) refers to printf6.o(i._printf_core) for _printf_core
    printf6.o(i.__0snprintf$6) refers to printf6.o(i._snputc) for _snputc
    printf6.o(i.__0sprintf$6) refers to printf6.o(i._printf_core) for _printf_core
    printf6.o(i.__0sprintf$6) refers to printf6.o(i._sputc) for _sputc
    printf6.o(i.__0vfprintf$6) refers to printf6.o(i._printf_core) for _printf_core
    printf6.o(i.__0vfprintf$6) refers to setup.o(.text) for fputc
    printf6.o(i.__0vprintf$6) refers to printf6.o(i._printf_core) for _printf_core
    printf6.o(i.__0vprintf$6) refers to setup.o(.text) for fputc
    printf6.o(i.__0vprintf$6) refers to stdout.o(.data) for __stdout
    printf6.o(i.__0vsnprintf$6) refers to printf6.o(i._printf_core) for _printf_core
    printf6.o(i.__0vsnprintf$6) refers to printf6.o(i._snputc) for _snputc
    printf6.o(i.__0vsprintf$6) refers to printf6.o(i._printf_core) for _printf_core
    printf6.o(i.__0vsprintf$6) refers to printf6.o(i._sputc) for _sputc
    printf6.o(i._printf_core) refers to printf6.o(i._printf_pre_padding) for _printf_pre_padding
    printf6.o(i._printf_core) refers to uidiv.o(.text) for __aeabi_uidivmod
    printf6.o(i._printf_core) refers to printf6.o(i._printf_post_padding) for _printf_post_padding
    printf7.o(i.__0fprintf$7) refers to printf7.o(i._printf_core) for _printf_core
    printf7.o(i.__0fprintf$7) refers to setup.o(.text) for fputc
    printf7.o(i.__0printf$7) refers to printf7.o(i._printf_core) for _printf_core
    printf7.o(i.__0printf$7) refers to setup.o(.text) for fputc
    printf7.o(i.__0printf$7) refers to stdout.o(.data) for __stdout
    printf7.o(i.__0snprintf$7) refers to printf7.o(i._printf_core) for _printf_core
    printf7.o(i.__0snprintf$7) refers to printf7.o(i._snputc) for _snputc
    printf7.o(i.__0sprintf$7) refers to printf7.o(i._printf_core) for _printf_core
    printf7.o(i.__0sprintf$7) refers to printf7.o(i._sputc) for _sputc
    printf7.o(i.__0vfprintf$7) refers to printf7.o(i._printf_core) for _printf_core
    printf7.o(i.__0vfprintf$7) refers to setup.o(.text) for fputc
    printf7.o(i.__0vprintf$7) refers to printf7.o(i._printf_core) for _printf_core
    printf7.o(i.__0vprintf$7) refers to setup.o(.text) for fputc
    printf7.o(i.__0vprintf$7) refers to stdout.o(.data) for __stdout
    printf7.o(i.__0vsnprintf$7) refers to printf7.o(i._printf_core) for _printf_core
    printf7.o(i.__0vsnprintf$7) refers to printf7.o(i._snputc) for _snputc
    printf7.o(i.__0vsprintf$7) refers to printf7.o(i._printf_core) for _printf_core
    printf7.o(i.__0vsprintf$7) refers to printf7.o(i._sputc) for _sputc
    printf7.o(i._printf_core) refers to printf7.o(i._printf_pre_padding) for _printf_pre_padding
    printf7.o(i._printf_core) refers to uldiv.o(.text) for __aeabi_uldivmod
    printf7.o(i._printf_core) refers to printf7.o(i._printf_post_padding) for _printf_post_padding
    printf8.o(i.__0fprintf$8) refers to printf8.o(i._printf_core) for _printf_core
    printf8.o(i.__0fprintf$8) refers to setup.o(.text) for fputc
    printf8.o(i.__0printf$8) refers to printf8.o(i._printf_core) for _printf_core
    printf8.o(i.__0printf$8) refers to setup.o(.text) for fputc
    printf8.o(i.__0printf$8) refers to stdout.o(.data) for __stdout
    printf8.o(i.__0snprintf$8) refers to printf8.o(i._printf_core) for _printf_core
    printf8.o(i.__0snprintf$8) refers to printf8.o(i._snputc) for _snputc
    printf8.o(i.__0sprintf$8) refers to printf8.o(i._printf_core) for _printf_core
    printf8.o(i.__0sprintf$8) refers to printf8.o(i._sputc) for _sputc
    printf8.o(i.__0vfprintf$8) refers to printf8.o(i._printf_core) for _printf_core
    printf8.o(i.__0vfprintf$8) refers to setup.o(.text) for fputc
    printf8.o(i.__0vprintf$8) refers to printf8.o(i._printf_core) for _printf_core
    printf8.o(i.__0vprintf$8) refers to setup.o(.text) for fputc
    printf8.o(i.__0vprintf$8) refers to stdout.o(.data) for __stdout
    printf8.o(i.__0vsnprintf$8) refers to printf8.o(i._printf_core) for _printf_core
    printf8.o(i.__0vsnprintf$8) refers to printf8.o(i._snputc) for _snputc
    printf8.o(i.__0vsprintf$8) refers to printf8.o(i._printf_core) for _printf_core
    printf8.o(i.__0vsprintf$8) refers to printf8.o(i._sputc) for _sputc
    printf8.o(i._printf_core) refers to printf8.o(i._printf_pre_padding) for _printf_pre_padding
    printf8.o(i._printf_core) refers to uldiv.o(.text) for __aeabi_uldivmod
    printf8.o(i._printf_core) refers to printf8.o(i._printf_post_padding) for _printf_post_padding
    printfa.o(i.__0fprintf) refers (Special) to iusefp.o(.text) for __I$use$fp
    printfa.o(i.__0fprintf) refers to printfa.o(i._printf_core) for _printf_core
    printfa.o(i.__0fprintf) refers to setup.o(.text) for fputc
    printfa.o(i.__0printf) refers (Special) to iusefp.o(.text) for __I$use$fp
    printfa.o(i.__0printf) refers to printfa.o(i._printf_core) for _printf_core
    printfa.o(i.__0printf) refers to setup.o(.text) for fputc
    printfa.o(i.__0printf) refers to stdout.o(.data) for __stdout
    printfa.o(i.__0snprintf) refers (Special) to iusefp.o(.text) for __I$use$fp
    printfa.o(i.__0snprintf) refers to printfa.o(i._printf_core) for _printf_core
    printfa.o(i.__0snprintf) refers to printfa.o(i._snputc) for _snputc
    printfa.o(i.__0sprintf) refers (Special) to iusefp.o(.text) for __I$use$fp
    printfa.o(i.__0sprintf) refers to printfa.o(i._printf_core) for _printf_core
    printfa.o(i.__0sprintf) refers to printfa.o(i._sputc) for _sputc
    printfa.o(i.__0vfprintf) refers (Special) to iusefp.o(.text) for __I$use$fp
    printfa.o(i.__0vfprintf) refers to printfa.o(i._printf_core) for _printf_core
    printfa.o(i.__0vfprintf) refers to setup.o(.text) for fputc
    printfa.o(i.__0vprintf) refers (Special) to iusefp.o(.text) for __I$use$fp
    printfa.o(i.__0vprintf) refers to printfa.o(i._printf_core) for _printf_core
    printfa.o(i.__0vprintf) refers to setup.o(.text) for fputc
    printfa.o(i.__0vprintf) refers to stdout.o(.data) for __stdout
    printfa.o(i.__0vsnprintf) refers (Special) to iusefp.o(.text) for __I$use$fp
    printfa.o(i.__0vsnprintf) refers to printfa.o(i._printf_core) for _printf_core
    printfa.o(i.__0vsnprintf) refers to printfa.o(i._snputc) for _snputc
    printfa.o(i.__0vsprintf) refers (Special) to iusefp.o(.text) for __I$use$fp
    printfa.o(i.__0vsprintf) refers to printfa.o(i._printf_core) for _printf_core
    printfa.o(i.__0vsprintf) refers to printfa.o(i._sputc) for _sputc
    printfa.o(i._fp_digits) refers (Special) to iusefp.o(.text) for __I$use$fp
    printfa.o(i._fp_digits) refers to dmul.o(.text) for __aeabi_dmul
    printfa.o(i._fp_digits) refers to ddiv.o(.text) for __aeabi_ddiv
    printfa.o(i._fp_digits) refers to cdrcmple.o(.text) for __aeabi_cdrcmple
    printfa.o(i._fp_digits) refers to dadd.o(.text) for __aeabi_dadd
    printfa.o(i._fp_digits) refers to dfixul.o(.text) for __aeabi_d2ulz
    printfa.o(i._fp_digits) refers to uldiv.o(.text) for __aeabi_uldivmod
    printfa.o(i._printf_core) refers (Special) to iusefp.o(.text) for __I$use$fp
    printfa.o(i._printf_core) refers to printfa.o(i._printf_pre_padding) for _printf_pre_padding
    printfa.o(i._printf_core) refers to uldiv.o(.text) for __aeabi_uldivmod
    printfa.o(i._printf_core) refers to printfa.o(i._printf_post_padding) for _printf_post_padding
    printfa.o(i._printf_core) refers to printfa.o(i._fp_digits) for _fp_digits
    printfa.o(i._printf_core) refers to uidiv.o(.text) for __aeabi_uidivmod
    printfa.o(i._printf_post_padding) refers (Special) to iusefp.o(.text) for __I$use$fp
    printfa.o(i._printf_pre_padding) refers (Special) to iusefp.o(.text) for __I$use$fp
    printfa.o(i._snputc) refers (Special) to iusefp.o(.text) for __I$use$fp
    printfa.o(i._sputc) refers (Special) to iusefp.o(.text) for __I$use$fp
    dmul.o(.text) refers (Special) to iusefp.o(.text) for __I$use$fp
    dmul.o(.text) refers to depilogue.o(.text) for _double_epilogue
    dflti.o(.text) refers (Special) to iusefp.o(.text) for __I$use$fp
    dflti.o(.text) refers to depilogue.o(.text) for _double_epilogue
    f2d.o(.text) refers (Special) to iusefp.o(.text) for __I$use$fp
    cdcmple.o(.text) refers (Special) to iusefp.o(.text) for __I$use$fp
    d2f.o(.text) refers (Special) to iusefp.o(.text) for __I$use$fp
    d2f.o(.text) refers to fepilogue.o(.text) for _float_round
    entry2.o(.ARM.Collect$$$$00000001) refers to entry2.o(.ARM.Collect$$$$00002712) for __lit__00000000
    entry2.o(.ARM.Collect$$$$00002712) refers to stm32f10x.o(STACK) for __initial_sp
    entry2.o(__vectab_stack_and_reset_area) refers to stm32f10x.o(STACK) for __initial_sp
    entry2.o(__vectab_stack_and_reset_area) refers to entry.o(.ARM.Collect$$$$00000000) for __main
    entry5.o(.ARM.Collect$$$$00000004) refers to init.o(.text) for __scatterload
    entry9a.o(.ARM.Collect$$$$0000000B) refers to main.o(.text) for main
    entry9b.o(.ARM.Collect$$$$0000000C) refers to main.o(.text) for main
    uldiv.o(.text) refers to llushr.o(.text) for __aeabi_llsr
    uldiv.o(.text) refers to llshl.o(.text) for __aeabi_llsl
    depilogue.o(.text) refers to llshl.o(.text) for __aeabi_llsl
    depilogue.o(.text) refers to llushr.o(.text) for __aeabi_llsr
    dadd.o(.text) refers to llshl.o(.text) for __aeabi_llsl
    dadd.o(.text) refers to llsshr.o(.text) for __aeabi_lasr
    dadd.o(.text) refers to depilogue.o(.text) for _double_epilogue
    ddiv.o(.text) refers to depilogue.o(.text) for _double_round
    dfixul.o(.text) refers to llushr.o(.text) for __aeabi_llsr
    dfixul.o(.text) refers to llshl.o(.text) for __aeabi_llsl
    init.o(.text) refers to entry5.o(.ARM.Collect$$$$00000004) for __main_after_scatterload


==============================================================================

Removing Unused input sections from the image.

    Removing stm32f10x.o(HEAP), (0 bytes).
    Removing stm32f10x_spi.o(.text), (532 bytes).
    Removing dadd.o(.text), (334 bytes).
    Removing ddiv.o(.text), (222 bytes).
    Removing dfixul.o(.text), (48 bytes).
    Removing cdrcmple.o(.text), (48 bytes).

6 unused section(s) (total 1184 bytes) removed from the image.

==============================================================================

Image Symbol Table

    Local Symbols

    Symbol Name                              Value     Ov Type        Size  Object(Section)

    ../clib/microlib/division.c              0x00000000   Number         0  uidiv.o ABSOLUTE
    ../clib/microlib/division.c              0x00000000   Number         0  uldiv.o ABSOLUTE
    ../clib/microlib/init/entry.s            0x00000000   Number         0  entry8a.o ABSOLUTE
    ../clib/microlib/init/entry.s            0x00000000   Number         0  entry2.o ABSOLUTE
    ../clib/microlib/init/entry.s            0x00000000   Number         0  entry5.o ABSOLUTE
    ../clib/microlib/init/entry.s            0x00000000   Number         0  entry7a.o ABSOLUTE
    ../clib/microlib/init/entry.s            0x00000000   Number         0  entry7b.o ABSOLUTE
    ../clib/microlib/init/entry.s            0x00000000   Number         0  entry9b.o ABSOLUTE
    ../clib/microlib/init/entry.s            0x00000000   Number         0  entry11a.o ABSOLUTE
    ../clib/microlib/init/entry.s            0x00000000   Number         0  entry8b.o ABSOLUTE
    ../clib/microlib/init/entry.s            0x00000000   Number         0  entry9a.o ABSOLUTE
    ../clib/microlib/init/entry.s            0x00000000   Number         0  entry10b.o ABSOLUTE
    ../clib/microlib/init/entry.s            0x00000000   Number         0  entry11b.o ABSOLUTE
    ../clib/microlib/init/entry.s            0x00000000   Number         0  entry10a.o ABSOLUTE
    ../clib/microlib/init/entry.s            0x00000000   Number         0  entry.o ABSOLUTE
    ../clib/microlib/longlong.c              0x00000000   Number         0  llsshr.o ABSOLUTE
    ../clib/microlib/longlong.c              0x00000000   Number         0  llushr.o ABSOLUTE
    ../clib/microlib/longlong.c              0x00000000   Number         0  llshl.o ABSOLUTE
    ../clib/microlib/printf/printf.c         0x00000000   Number         0  printf1.o ABSOLUTE
    ../clib/microlib/printf/printf.c         0x00000000   Number         0  printf4.o ABSOLUTE
    ../clib/microlib/printf/printf.c         0x00000000   Number         0  printf5.o ABSOLUTE
    ../clib/microlib/printf/printf.c         0x00000000   Number         0  printf6.o ABSOLUTE
    ../clib/microlib/printf/printf.c         0x00000000   Number         0  printf7.o ABSOLUTE
    ../clib/microlib/printf/printf.c         0x00000000   Number         0  printf8.o ABSOLUTE
    ../clib/microlib/printf/printf.c         0x00000000   Number         0  printfa.o ABSOLUTE
    ../clib/microlib/printf/printf.c         0x00000000   Number         0  printfb.o ABSOLUTE
    ../clib/microlib/printf/printf.c         0x00000000   Number         0  printf0.o ABSOLUTE
    ../clib/microlib/printf/printf.c         0x00000000   Number         0  printf2.o ABSOLUTE
    ../clib/microlib/printf/printf.c         0x00000000   Number         0  printf3.o ABSOLUTE
    ../clib/microlib/printf/stubs.s          0x00000000   Number         0  stubs.o ABSOLUTE
    ../clib/microlib/stdio/streams.c         0x00000000   Number         0  stdout.o ABSOLUTE
    ../clib/microlib/string/memcpy.c         0x00000000   Number         0  memcpya.o ABSOLUTE
    ../clib/microlib/string/memcpy.c         0x00000000   Number         0  memcpyb.o ABSOLUTE
    ../clib/microlib/string/memset.c         0x00000000   Number         0  memseta.o ABSOLUTE
    ../clib/microlib/string/strncpy.c        0x00000000   Number         0  strncpy.o ABSOLUTE
    ../clib/microlib/stubs.s                 0x00000000   Number         0  iusefp.o ABSOLUTE
    ../fplib/microlib/d2f.c                  0x00000000   Number         0  d2f.o ABSOLUTE
    ../fplib/microlib/f2d.c                  0x00000000   Number         0  f2d.o ABSOLUTE
    ../fplib/microlib/fpadd.c                0x00000000   Number         0  dadd.o ABSOLUTE
    ../fplib/microlib/fpdiv.c                0x00000000   Number         0  ddiv.o ABSOLUTE
    ../fplib/microlib/fpepilogue.c           0x00000000   Number         0  depilogue.o ABSOLUTE
    ../fplib/microlib/fpepilogue.c           0x00000000   Number         0  fepilogue.o ABSOLUTE
    ../fplib/microlib/fpfix.c                0x00000000   Number         0  dfixul.o ABSOLUTE
    ../fplib/microlib/fpflt.c                0x00000000   Number         0  dflti.o ABSOLUTE
    ../fplib/microlib/fpmul.c                0x00000000   Number         0  dmul.o ABSOLUTE
    FreeRTOS\\src\\port.c                    0x00000000   Number         0  port.o ABSOLUTE
    FreeRTOS\src\heap_2.c                    0x00000000   Number         0  heap_2.o ABSOLUTE
    FreeRTOS\src\list.c                      0x00000000   Number         0  list.o ABSOLUTE
    FreeRTOS\src\port.c                      0x00000000   Number         0  port.o ABSOLUTE
    FreeRTOS\src\queue.c                     0x00000000   Number         0  queue.o ABSOLUTE
    FreeRTOS\src\serial.c                    0x00000000   Number         0  serial.o ABSOLUTE
    FreeRTOS\src\tasks.c                     0x00000000   Number         0  tasks.o ABSOLUTE
    STM32F10x.s                              0x00000000   Number         0  stm32f10x.o ABSOLUTE
    STM32F10xFWLib\src\cortexm3_macro_rvds.s 0x00000000   Number         0  cortexm3_macro_rvds.o ABSOLUTE
    STM32F10xFWLib\src\stm32f10x_gpio.c      0x00000000   Number         0  stm32f10x_gpio.o ABSOLUTE
    STM32F10xFWLib\src\stm32f10x_lib.c       0x00000000   Number         0  stm32f10x_lib.o ABSOLUTE
    STM32F10xFWLib\src\stm32f10x_nvic.c      0x00000000   Number         0  stm32f10x_nvic.o ABSOLUTE
    STM32F10xFWLib\src\stm32f10x_rcc.c       0x00000000   Number         0  stm32f10x_rcc.o ABSOLUTE
    STM32F10xFWLib\src\stm32f10x_spi.c       0x00000000   Number         0  stm32f10x_spi.o ABSOLUTE
    STM32F10xFWLib\src\stm32f10x_systick.c   0x00000000   Number         0  stm32f10x_systick.o ABSOLUTE
    STM32F10xFWLib\src\stm32f10x_tim.c       0x00000000   Number         0  stm32f10x_tim.o ABSOLUTE
    STM32F10xFWLib\src\stm32f10x_usart.c     0x00000000   Number         0  stm32f10x_usart.o ABSOLUTE
    cdcmple.s                                0x00000000   Number         0  cdcmple.o ABSOLUTE
    cdrcmple.s                               0x00000000   Number         0  cdrcmple.o ABSOLUTE
    dc.s                                     0x00000000   Number         0  dc.o ABSOLUTE
    handlers.s                               0x00000000   Number         0  handlers.o ABSOLUTE
    init.s                                   0x00000000   Number         0  init.o ABSOLUTE
    main.c                                   0x00000000   Number         0  main.o ABSOLUTE
    motor.c                                  0x00000000   Number         0  motor.o ABSOLUTE
    pin_listener.c                           0x00000000   Number         0  pin_listener.o ABSOLUTE
    planner.c                                0x00000000   Number         0  planner.o ABSOLUTE
    position_tracker.c                       0x00000000   Number         0  position_tracker.o ABSOLUTE
    safety.c                                 0x00000000   Number         0  safety.o ABSOLUTE
    setup.c                                  0x00000000   Number         0  setup.o ABSOLUTE
    RESET                                    0x08000000   Section      236  stm32f10x.o(RESET)
    .ARM.Collect$$$$00000000                 0x080000ec   Section        0  entry.o(.ARM.Collect$$$$00000000)
    .ARM.Collect$$$$00000001                 0x080000ec   Section        4  entry2.o(.ARM.Collect$$$$00000001)
    .ARM.Collect$$$$00000004                 0x080000f0   Section        4  entry5.o(.ARM.Collect$$$$00000004)
    .ARM.Collect$$$$00000008                 0x080000f4   Section        0  entry7b.o(.ARM.Collect$$$$00000008)
    .ARM.Collect$$$$0000000A                 0x080000f4   Section        0  entry8b.o(.ARM.Collect$$$$0000000A)
    .ARM.Collect$$$$0000000B                 0x080000f4   Section        8  entry9a.o(.ARM.Collect$$$$0000000B)
    .ARM.Collect$$$$0000000D                 0x080000fc   Section        0  entry10a.o(.ARM.Collect$$$$0000000D)
    .ARM.Collect$$$$0000000F                 0x080000fc   Section        0  entry11a.o(.ARM.Collect$$$$0000000F)
    .ARM.Collect$$$$00002712                 0x080000fc   Section        4  entry2.o(.ARM.Collect$$$$00002712)
    __lit__00000000                          0x080000fc   Data           4  entry2.o(.ARM.Collect$$$$00002712)
    .emb_text                                0x08000100   Section      136  port.o(.emb_text)
    .text                                    0x08000188   Section       28  stm32f10x.o(.text)
    .text                                    0x080001a4   Section        0  stm32f10x_gpio.o(.text)
    .text                                    0x08000484   Section        0  stm32f10x_nvic.o(.text)
    .text                                    0x08000864   Section        0  stm32f10x_rcc.o(.text)
    .text                                    0x08000be0   Section        0  stm32f10x_systick.o(.text)
    .text                                    0x08000ca4   Section        0  stm32f10x_tim.o(.text)
    TI1_Config                               0x08000dff   Thumb Code    56  stm32f10x_tim.o(.text)
    TI2_Config                               0x08000e51   Thumb Code    80  stm32f10x_tim.o(.text)
    PWMI_Config                              0x08000ea1   Thumb Code   124  stm32f10x_tim.o(.text)
    TI4_Config                               0x08000f37   Thumb Code    82  stm32f10x_tim.o(.text)
    TI3_Config                               0x08000f9b   Thumb Code    66  stm32f10x_tim.o(.text)
    ETR_Config                               0x08001161   Thumb Code    26  stm32f10x_tim.o(.text)
    .text                                    0x08001508   Section        0  stm32f10x_usart.o(.text)
    .text                                    0x0800182c   Section      110  cortexm3_macro_rvds.o(.text)
    .text                                    0x0800189c   Section        0  main.o(.text)
    .text                                    0x08001a1c   Section        0  setup.o(.text)
    .text                                    0x08001ad4   Section        0  pin_listener.o(.text)
    pollPin                                  0x08001ad5   Thumb Code   496  pin_listener.o(.text)
    pollPinsTask                             0x08001cc5   Thumb Code    60  pin_listener.o(.text)
    .text                                    0x08001d68   Section        0  position_tracker.o(.text)
    positionTrackerTask                      0x08001d69   Thumb Code    90  position_tracker.o(.text)
    .text                                    0x08001e8c   Section        0  motor.o(.text)
    maxDutyAtDistance                        0x08001e8d   Thumb Code    22  motor.o(.text)
    min                                      0x08001ea3   Thumb Code    14  motor.o(.text)
    setCompare                               0x08001eb1   Thumb Code    78  motor.o(.text)
    setDuty                                  0x08001eff   Thumb Code    56  motor.o(.text)
    motorTask                                0x08001f37   Thumb Code   222  motor.o(.text)
    .text                                    0x08002108   Section        0  planner.o(.text)
    plannerTask                              0x08002109   Thumb Code   696  planner.o(.text)
    .text                                    0x080026a0   Section        0  safety.o(.text)
    check                                    0x080026a1   Thumb Code    36  safety.o(.text)
    safetyTask                               0x080026c5   Thumb Code   880  safety.o(.text)
    .text                                    0x08002b10   Section        0  heap_2.o(.text)
    .text                                    0x08002c28   Section        0  list.o(.text)
    .text                                    0x08002cbc   Section        0  port.o(.text)
    prvSetupTimerInterrupt                   0x08002cd7   Thumb Code    14  port.o(.text)
    .text                                    0x08002d70   Section        0  queue.o(.text)
    prvUnlockQueue                           0x08002ddd   Thumb Code   110  queue.o(.text)
    prvIsQueueFull                           0x08002e4b   Thumb Code    32  queue.o(.text)
    prvCopyDataToQueue                       0x08002e6b   Thumb Code   104  queue.o(.text)
    prvIsQueueEmpty                          0x0800303d   Thumb Code    28  queue.o(.text)
    prvCopyDataFromQueue                     0x08003059   Thumb Code    42  queue.o(.text)
    .text                                    0x08003234   Section        0  tasks.o(.text)
    prvInitialiseTaskLists                   0x08003235   Thumb Code    70  tasks.o(.text)
    prvInitialiseTCBVariables                0x0800327b   Thumb Code    70  tasks.o(.text)
    prvAllocateTCBAndStack                   0x080032c1   Thumb Code    58  tasks.o(.text)
    prvDeleteTCB                             0x0800395f   Thumb Code    18  tasks.o(.text)
    prvCheckTasksWaitingTermination          0x08003971   Thumb Code    94  tasks.o(.text)
    prvIdleTask                              0x080039cf   Thumb Code    20  tasks.o(.text)
    .text                                    0x08003cac   Section        0  serial.o(.text)
    .text                                    0x08003e80   Section        0  memcpya.o(.text)
    .text                                    0x08003ea4   Section        0  memseta.o(.text)
    .text                                    0x08003ec8   Section        0  strncpy.o(.text)
    .text                                    0x08003ee0   Section        0  dmul.o(.text)
    .text                                    0x08003fc4   Section        0  dflti.o(.text)
    .text                                    0x08003fe6   Section        0  f2d.o(.text)
    .text                                    0x0800400c   Section       48  cdcmple.o(.text)
    .text                                    0x0800403c   Section        0  d2f.o(.text)
    .text                                    0x08004074   Section        0  uldiv.o(.text)
    .text                                    0x080040d6   Section        0  iusefp.o(.text)
    .text                                    0x080040d6   Section        0  fepilogue.o(.text)
    .text                                    0x08004144   Section        0  depilogue.o(.text)
    .text                                    0x08004200   Section       36  init.o(.text)
    .text                                    0x08004224   Section        0  llshl.o(.text)
    .text                                    0x08004242   Section        0  llushr.o(.text)
    i.__0printf$4                            0x08004264   Section        0  printf4.o(i.__0printf$4)
    i.__scatterload_copy                     0x08004284   Section       14  handlers.o(i.__scatterload_copy)
    i.__scatterload_null                     0x08004292   Section        2  handlers.o(i.__scatterload_null)
    i.__scatterload_zeroinit                 0x08004294   Section       14  handlers.o(i.__scatterload_zeroinit)
    i._printf_core                           0x080042a4   Section        0  printf4.o(i._printf_core)
    _printf_core                             0x080042a5   Thumb Code   552  printf4.o(i._printf_core)
    .constdata                               0x080044d0   Section       20  stm32f10x_rcc.o(.constdata)
    APBAHBPrescTable                         0x080044d0   Data          16  stm32f10x_rcc.o(.constdata)
    ADCPrescTable                            0x080044e0   Data           4  stm32f10x_rcc.o(.constdata)
    .constdata                               0x080044e4   Section       16  stm32f10x_tim.o(.constdata)
    Tab_OCModeMask                           0x080044e4   Data           8  stm32f10x_tim.o(.constdata)
    Tab_PolarityMask                         0x080044ec   Data           8  stm32f10x_tim.o(.constdata)
    .data                                    0x20000000   Section      100  main.o(.data)
    .data                                    0x20000064   Section        4  setup.o(.data)
    xPort                                    0x20000064   Data           4  setup.o(.data)
    .data                                    0x20000068   Section        6  pin_listener.o(.data)
    .data                                    0x20000070   Section        4  position_tracker.o(.data)
    xLastWakeTime                            0x20000070   Data           4  position_tracker.o(.data)
    .data                                    0x20000074   Section       16  planner.o(.data)
    .data                                    0x20000084   Section       16  safety.o(.data)
    xLastWakeTime                            0x20000084   Data           4  safety.o(.data)
    .data                                    0x20000094   Section       24  heap_2.o(.data)
    xStart                                   0x20000094   Data           8  heap_2.o(.data)
    xEnd                                     0x2000009c   Data           8  heap_2.o(.data)
    xFreeBytesRemaining                      0x200000a4   Data           4  heap_2.o(.data)
    xHeapHasBeenInitialised                  0x200000a8   Data           4  heap_2.o(.data)
    .data                                    0x200000ac   Section        4  port.o(.data)
    uxCriticalNesting                        0x200000ac   Data           4  port.o(.data)
    .data                                    0x200000b0   Section       56  tasks.o(.data)
    pxDelayedTaskList                        0x200000b4   Data           4  tasks.o(.data)
    pxOverflowDelayedTaskList                0x200000b8   Data           4  tasks.o(.data)
    uxTasksDeleted                           0x200000bc   Data           4  tasks.o(.data)
    uxCurrentNumberOfTasks                   0x200000c0   Data           4  tasks.o(.data)
    xTickCount                               0x200000c4   Data           4  tasks.o(.data)
    uxTopUsedPriority                        0x200000c8   Data           4  tasks.o(.data)
    uxTopReadyPriority                       0x200000cc   Data           4  tasks.o(.data)
    xSchedulerRunning                        0x200000d0   Data           4  tasks.o(.data)
    uxSchedulerSuspended                     0x200000d4   Data           4  tasks.o(.data)
    uxMissedTicks                            0x200000d8   Data           4  tasks.o(.data)
    xMissedYield                             0x200000dc   Data           4  tasks.o(.data)
    xNumOfOverflows                          0x200000e0   Data           4  tasks.o(.data)
    uxTaskNumber                             0x200000e4   Data           4  tasks.o(.data)
    .data                                    0x200000e8   Section        8  serial.o(.data)
    xRxedChars                               0x200000e8   Data           4  serial.o(.data)
    xCharsForTx                              0x200000ec   Data           4  serial.o(.data)
    .data                                    0x200000f0   Section        4  stdout.o(.data)
    .bss                                     0x200000f4   Section       52  main.o(.bss)
    .bss                                     0x20000128   Section    17408  heap_2.o(.bss)
    xHeap                                    0x20000128   Data       17408  heap_2.o(.bss)
    .bss                                     0x20004528   Section      200  tasks.o(.bss)
    pxReadyTasksLists                        0x20004528   Data         100  tasks.o(.bss)
    xDelayedTaskList1                        0x2000458c   Data          20  tasks.o(.bss)
    xDelayedTaskList2                        0x200045a0   Data          20  tasks.o(.bss)
    xPendingReadyList                        0x200045b4   Data          20  tasks.o(.bss)
    xTasksWaitingTermination                 0x200045c8   Data          20  tasks.o(.bss)
    xSuspendedTaskList                       0x200045dc   Data          20  tasks.o(.bss)
    STACK                                    0x200045f0   Section      512  stm32f10x.o(STACK)

    Global Symbols

    Symbol Name                              Value     Ov Type        Size  Object(Section)

    BuildAttributes$$THM_ISAv4$P$D$K$B$S$PE$A:L22UL41UL21$X:L11$S22US41US21$IEEE1$IW$USESV6$~STKCKD$USESV7$~SHL$OTIME$ROPI$EBA8$MICROLIB$REQ8$PRES8$EABIv2 0x00000000   Number         0  anon$$obj.o ABSOLUTE
    __ARM_use_no_argv                        0x00000000   Number         0  main.o ABSOLUTE
    _printf_a                                0x00000000   Number         0  stubs.o ABSOLUTE
    _printf_c                                0x00000000   Number         0  stubs.o ABSOLUTE
    _printf_charcount                        0x00000000   Number         0  stubs.o ABSOLUTE
    _printf_d                                0x00000000   Number         0  stubs.o ABSOLUTE
    _printf_e                                0x00000000   Number         0  stubs.o ABSOLUTE
    _printf_f                                0x00000000   Number         0  stubs.o ABSOLUTE
    _printf_flags                            0x00000000   Number         0  stubs.o ABSOLUTE
    _printf_fp_dec                           0x00000000   Number         0  stubs.o ABSOLUTE
    _printf_fp_hex                           0x00000000   Number         0  stubs.o ABSOLUTE
    _printf_g                                0x00000000   Number         0  stubs.o ABSOLUTE
    _printf_i                                0x00000000   Number         0  stubs.o ABSOLUTE
    _printf_int_dec                          0x00000000   Number         0  stubs.o ABSOLUTE
    _printf_l                                0x00000000   Number         0  stubs.o ABSOLUTE
    _printf_lc                               0x00000000   Number         0  stubs.o ABSOLUTE
    _printf_ll                               0x00000000   Number         0  stubs.o ABSOLUTE
    _printf_lld                              0x00000000   Number         0  stubs.o ABSOLUTE
    _printf_lli                              0x00000000   Number         0  stubs.o ABSOLUTE
    _printf_llo                              0x00000000   Number         0  stubs.o ABSOLUTE
    _printf_llu                              0x00000000   Number         0  stubs.o ABSOLUTE
    _printf_llx                              0x00000000   Number         0  stubs.o ABSOLUTE
    _printf_longlong_dec                     0x00000000   Number         0  stubs.o ABSOLUTE
    _printf_longlong_hex                     0x00000000   Number         0  stubs.o ABSOLUTE
    _printf_longlong_oct                     0x00000000   Number         0  stubs.o ABSOLUTE
    _printf_ls                               0x00000000   Number         0  stubs.o ABSOLUTE
    _printf_mbtowc                           0x00000000   Number         0  stubs.o ABSOLUTE
    _printf_n                                0x00000000   Number         0  stubs.o ABSOLUTE
    _printf_o                                0x00000000   Number         0  stubs.o ABSOLUTE
    _printf_p                                0x00000000   Number         0  stubs.o ABSOLUTE
    _printf_percent                          0x00000000   Number         0  stubs.o ABSOLUTE
    _printf_pre_padding                      0x00000000   Number         0  stubs.o ABSOLUTE
    _printf_return_value                     0x00000000   Number         0  stubs.o ABSOLUTE
    _printf_s                                0x00000000   Number         0  stubs.o ABSOLUTE
    _printf_sizespec                         0x00000000   Number         0  stubs.o ABSOLUTE
    _printf_str                              0x00000000   Number         0  stubs.o ABSOLUTE
    _printf_truncate_signed                  0x00000000   Number         0  stubs.o ABSOLUTE
    _printf_truncate_unsigned                0x00000000   Number         0  stubs.o ABSOLUTE
    _printf_u                                0x00000000   Number         0  stubs.o ABSOLUTE
    _printf_wc                               0x00000000   Number         0  stubs.o ABSOLUTE
    _printf_wctomb                           0x00000000   Number         0  stubs.o ABSOLUTE
    _printf_widthprec                        0x00000000   Number         0  stubs.o ABSOLUTE
    _printf_x                                0x00000000   Number         0  stubs.o ABSOLUTE
    __cpp_initialize__aeabi_                  - Undefined Weak Reference
    __cxa_finalize                            - Undefined Weak Reference
    __decompress                              - Undefined Weak Reference
    _clock_init                               - Undefined Weak Reference
    _microlib_exit                            - Undefined Weak Reference
    __Vectors                                0x08000000   Data           4  stm32f10x.o(RESET)
    __main                                   0x080000ed   Thumb Code     0  entry.o(.ARM.Collect$$$$00000000)
    _main_stk                                0x080000ed   Thumb Code     0  entry2.o(.ARM.Collect$$$$00000001)
    _main_scatterload                        0x080000f1   Thumb Code     0  entry5.o(.ARM.Collect$$$$00000004)
    __main_after_scatterload                 0x080000f5   Thumb Code     0  entry5.o(.ARM.Collect$$$$00000004)
    _main_clock                              0x080000f5   Thumb Code     0  entry7b.o(.ARM.Collect$$$$00000008)
    _main_cpp_init                           0x080000f5   Thumb Code     0  entry8b.o(.ARM.Collect$$$$0000000A)
    _main_init                               0x080000f5   Thumb Code     0  entry9a.o(.ARM.Collect$$$$0000000B)
    __rt_final_cpp                           0x080000fd   Thumb Code     0  entry10a.o(.ARM.Collect$$$$0000000D)
    __rt_final_exit                          0x080000fd   Thumb Code     0  entry11a.o(.ARM.Collect$$$$0000000F)
    vPortSVCHandler                          0x08000101   Thumb Code    28  port.o(.emb_text)
    vPortStartFirstTask                      0x08000121   Thumb Code    12  port.o(.emb_text)
    xPortPendSVHandler                       0x08000131   Thumb Code    56  port.o(.emb_text)
    vPortSetInterruptMask                    0x0800016d   Thumb Code    14  port.o(.emb_text)
    vPortClearInterruptMask                  0x0800017b   Thumb Code    14  port.o(.emb_text)
    Reset_Handler                            0x08000189   Thumb Code     4  stm32f10x.o(.text)
    NMI_Handler                              0x0800018d   Thumb Code     2  stm32f10x.o(.text)
    HardFault_Handler                        0x0800018f   Thumb Code     2  stm32f10x.o(.text)
    MemManage_Handler                        0x08000191   Thumb Code     2  stm32f10x.o(.text)
    BusFault_Handler                         0x08000193   Thumb Code     2  stm32f10x.o(.text)
    UsageFault_Handler                       0x08000195   Thumb Code     2  stm32f10x.o(.text)
    SVC_Handler                              0x08000197   Thumb Code     2  stm32f10x.o(.text)
    DebugMon_Handler                         0x08000199   Thumb Code     2  stm32f10x.o(.text)
    PendSV_Handler                           0x0800019b   Thumb Code     2  stm32f10x.o(.text)
    SysTick_Handler                          0x0800019d   Thumb Code     2  stm32f10x.o(.text)
    ADC_IRQHandler                           0x0800019f   Thumb Code     0  stm32f10x.o(.text)
    CAN_RX1_IRQHandler                       0x0800019f   Thumb Code     0  stm32f10x.o(.text)
    CAN_SCE_IRQHandler                       0x0800019f   Thumb Code     0  stm32f10x.o(.text)
    DMAChannel1_IRQHandler                   0x0800019f   Thumb Code     0  stm32f10x.o(.text)
    DMAChannel2_IRQHandler                   0x0800019f   Thumb Code     0  stm32f10x.o(.text)
    DMAChannel3_IRQHandler                   0x0800019f   Thumb Code     0  stm32f10x.o(.text)
    DMAChannel4_IRQHandler                   0x0800019f   Thumb Code     0  stm32f10x.o(.text)
    DMAChannel5_IRQHandler                   0x0800019f   Thumb Code     0  stm32f10x.o(.text)
    DMAChannel6_IRQHandler                   0x0800019f   Thumb Code     0  stm32f10x.o(.text)
    DMAChannel7_IRQHandler                   0x0800019f   Thumb Code     0  stm32f10x.o(.text)
    EXTI0_IRQHandler                         0x0800019f   Thumb Code     0  stm32f10x.o(.text)
    EXTI15_10_IRQHandler                     0x0800019f   Thumb Code     0  stm32f10x.o(.text)
    EXTI1_IRQHandler                         0x0800019f   Thumb Code     0  stm32f10x.o(.text)
    EXTI2_IRQHandler                         0x0800019f   Thumb Code     0  stm32f10x.o(.text)
    EXTI3_IRQHandler                         0x0800019f   Thumb Code     0  stm32f10x.o(.text)
    EXTI4_IRQHandler                         0x0800019f   Thumb Code     0  stm32f10x.o(.text)
    EXTI9_5_IRQHandler                       0x0800019f   Thumb Code     0  stm32f10x.o(.text)
    FLASH_IRQHandler                         0x0800019f   Thumb Code     0  stm32f10x.o(.text)
    I2C1_ER_IRQHandler                       0x0800019f   Thumb Code     0  stm32f10x.o(.text)
    I2C1_EV_IRQHandler                       0x0800019f   Thumb Code     0  stm32f10x.o(.text)
    I2C2_ER_IRQHandler                       0x0800019f   Thumb Code     0  stm32f10x.o(.text)
    I2C2_EV_IRQHandler                       0x0800019f   Thumb Code     0  stm32f10x.o(.text)
    PVD_IRQHandler                           0x0800019f   Thumb Code     0  stm32f10x.o(.text)
    RCC_IRQHandler                           0x0800019f   Thumb Code     0  stm32f10x.o(.text)
    RTCAlarm_IRQHandler                      0x0800019f   Thumb Code     0  stm32f10x.o(.text)
    RTC_IRQHandler                           0x0800019f   Thumb Code     0  stm32f10x.o(.text)
    SPI1_IRQHandler                          0x0800019f   Thumb Code     0  stm32f10x.o(.text)
    SPI2_IRQHandler                          0x0800019f   Thumb Code     0  stm32f10x.o(.text)
    TAMPER_IRQHandler                        0x0800019f   Thumb Code     0  stm32f10x.o(.text)
    TIM1_BRK_IRQHandler                      0x0800019f   Thumb Code     0  stm32f10x.o(.text)
    TIM1_CC_IRQHandler                       0x0800019f   Thumb Code     0  stm32f10x.o(.text)
    TIM1_TRG_COM_IRQHandler                  0x0800019f   Thumb Code     0  stm32f10x.o(.text)
    TIM1_UP_IRQHandler                       0x0800019f   Thumb Code     0  stm32f10x.o(.text)
    TIM2_IRQHandler                          0x0800019f   Thumb Code     0  stm32f10x.o(.text)
    TIM3_IRQHandler                          0x0800019f   Thumb Code     0  stm32f10x.o(.text)
    TIM4_IRQHandler                          0x0800019f   Thumb Code     0  stm32f10x.o(.text)
    USART1_IRQHandler                        0x0800019f   Thumb Code     0  stm32f10x.o(.text)
    USART2_IRQHandler                        0x0800019f   Thumb Code     0  stm32f10x.o(.text)
    USART3_IRQHandler                        0x0800019f   Thumb Code     0  stm32f10x.o(.text)
    USBWakeUp_IRQHandler                     0x0800019f   Thumb Code     0  stm32f10x.o(.text)
    USB_HP_CAN_TX_IRQHandler                 0x0800019f   Thumb Code     0  stm32f10x.o(.text)
    USB_LP_CAN_RX0_IRQHandler                0x0800019f   Thumb Code     0  stm32f10x.o(.text)
    WWDG_IRQHandler                          0x0800019f   Thumb Code     0  stm32f10x.o(.text)
    GPIO_DeInit                              0x080001a5   Thumb Code   138  stm32f10x_gpio.o(.text)
    GPIO_AFIODeInit                          0x0800022f   Thumb Code    20  stm32f10x_gpio.o(.text)
    GPIO_Init                                0x08000243   Thumb Code   278  stm32f10x_gpio.o(.text)
    GPIO_StructInit                          0x08000359   Thumb Code    16  stm32f10x_gpio.o(.text)
    GPIO_ReadInputDataBit                    0x08000369   Thumb Code    18  stm32f10x_gpio.o(.text)
    GPIO_ReadInputData                       0x0800037b   Thumb Code     8  stm32f10x_gpio.o(.text)
    GPIO_ReadOutputDataBit                   0x08000383   Thumb Code    18  stm32f10x_gpio.o(.text)
    GPIO_ReadOutputData                      0x08000395   Thumb Code     8  stm32f10x_gpio.o(.text)
    GPIO_WriteBit                            0x0800039d   Thumb Code    10  stm32f10x_gpio.o(.text)
    GPIO_Write                               0x080003a7   Thumb Code     4  stm32f10x_gpio.o(.text)
    GPIO_PinLockConfig                       0x080003ab   Thumb Code    18  stm32f10x_gpio.o(.text)
    GPIO_EventOutputConfig                   0x080003bd   Thumb Code    26  stm32f10x_gpio.o(.text)
    GPIO_EventOutputCmd                      0x080003d7   Thumb Code     6  stm32f10x_gpio.o(.text)
    GPIO_PinRemapConfig                      0x080003dd   Thumb Code    86  stm32f10x_gpio.o(.text)
    GPIO_EXTILineConfig                      0x08000433   Thumb Code    66  stm32f10x_gpio.o(.text)
    NVIC_DeInit                              0x08000485   Thumb Code    54  stm32f10x_nvic.o(.text)
    NVIC_SCBDeInit                           0x080004bb   Thumb Code    76  stm32f10x_nvic.o(.text)
    NVIC_PriorityGroupConfig                 0x08000507   Thumb Code    12  stm32f10x_nvic.o(.text)
    NVIC_Init                                0x08000513   Thumb Code   152  stm32f10x_nvic.o(.text)
    NVIC_StructInit                          0x080005ab   Thumb Code    12  stm32f10x_nvic.o(.text)
    NVIC_SETPRIMASK                          0x080005b7   Thumb Code     8  stm32f10x_nvic.o(.text)
    NVIC_RESETPRIMASK                        0x080005bf   Thumb Code     8  stm32f10x_nvic.o(.text)
    NVIC_SETFAULTMASK                        0x080005c7   Thumb Code     8  stm32f10x_nvic.o(.text)
    NVIC_RESETFAULTMASK                      0x080005cf   Thumb Code     8  stm32f10x_nvic.o(.text)
    NVIC_BASEPRICONFIG                       0x080005d7   Thumb Code    12  stm32f10x_nvic.o(.text)
    NVIC_GetBASEPRI                          0x080005e3   Thumb Code     8  stm32f10x_nvic.o(.text)
    NVIC_GetCurrentPendingIRQChannel         0x080005eb   Thumb Code    10  stm32f10x_nvic.o(.text)
    NVIC_GetIRQChannelPendingBitStatus       0x080005f5   Thumb Code    42  stm32f10x_nvic.o(.text)
    NVIC_SetIRQChannelPendingBit             0x0800061f   Thumb Code     6  stm32f10x_nvic.o(.text)
    NVIC_ClearIRQChannelPendingBit           0x08000625   Thumb Code    20  stm32f10x_nvic.o(.text)
    NVIC_GetCurrentActiveHandler             0x08000639   Thumb Code    10  stm32f10x_nvic.o(.text)
    NVIC_GetIRQChannelActiveBitStatus        0x08000643   Thumb Code    42  stm32f10x_nvic.o(.text)
    NVIC_GetCPUID                            0x0800066d   Thumb Code     8  stm32f10x_nvic.o(.text)
    NVIC_SetVectorTable                      0x08000675   Thumb Code    22  stm32f10x_nvic.o(.text)
    NVIC_GenerateSystemReset                 0x0800068b   Thumb Code    12  stm32f10x_nvic.o(.text)
    NVIC_GenerateCoreReset                   0x08000697   Thumb Code    12  stm32f10x_nvic.o(.text)
    NVIC_SystemLPConfig                      0x080006a3   Thumb Code    34  stm32f10x_nvic.o(.text)
    NVIC_SystemHandlerConfig                 0x080006c5   Thumb Code    48  stm32f10x_nvic.o(.text)
    NVIC_SystemHandlerPriorityConfig         0x080006f5   Thumb Code   110  stm32f10x_nvic.o(.text)
    NVIC_GetSystemHandlerPendingBitStatus    0x08000763   Thumb Code    44  stm32f10x_nvic.o(.text)
    NVIC_SetSystemHandlerPendingBit          0x0800078f   Thumb Code    22  stm32f10x_nvic.o(.text)
    NVIC_ClearSystemHandlerPendingBit        0x080007a5   Thumb Code    26  stm32f10x_nvic.o(.text)
    NVIC_GetSystemHandlerActiveBitStatus     0x080007bf   Thumb Code    42  stm32f10x_nvic.o(.text)
    NVIC_GetFaultHandlerSources              0x080007e9   Thumb Code    66  stm32f10x_nvic.o(.text)
    NVIC_GetFaultAddress                     0x0800082b   Thumb Code    28  stm32f10x_nvic.o(.text)
    RCC_DeInit                               0x08000865   Thumb Code    78  stm32f10x_rcc.o(.text)
    RCC_HSEConfig                            0x080008b3   Thumb Code    70  stm32f10x_rcc.o(.text)
    RCC_AdjustHSICalibrationValue            0x080008f9   Thumb Code    20  stm32f10x_rcc.o(.text)
    RCC_HSICmd                               0x0800090d   Thumb Code     6  stm32f10x_rcc.o(.text)
    RCC_PLLConfig                            0x08000913   Thumb Code    24  stm32f10x_rcc.o(.text)
    RCC_PLLCmd                               0x0800092b   Thumb Code     6  stm32f10x_rcc.o(.text)
    RCC_SYSCLKConfig                         0x08000931   Thumb Code    18  stm32f10x_rcc.o(.text)
    RCC_GetSYSCLKSource                      0x08000943   Thumb Code    10  stm32f10x_rcc.o(.text)
    RCC_HCLKConfig                           0x0800094d   Thumb Code    18  stm32f10x_rcc.o(.text)
    RCC_PCLK1Config                          0x0800095f   Thumb Code    18  stm32f10x_rcc.o(.text)
    RCC_PCLK2Config                          0x08000971   Thumb Code    20  stm32f10x_rcc.o(.text)
    RCC_ITConfig                             0x08000985   Thumb Code    26  stm32f10x_rcc.o(.text)
    RCC_USBCLKConfig                         0x0800099f   Thumb Code     8  stm32f10x_rcc.o(.text)
    RCC_ADCCLKConfig                         0x080009a7   Thumb Code    18  stm32f10x_rcc.o(.text)
    RCC_LSEConfig                            0x080009b9   Thumb Code    50  stm32f10x_rcc.o(.text)
    RCC_LSICmd                               0x080009eb   Thumb Code     6  stm32f10x_rcc.o(.text)
    RCC_RTCCLKConfig                         0x080009f1   Thumb Code    12  stm32f10x_rcc.o(.text)
    RCC_RTCCLKCmd                            0x080009fd   Thumb Code     8  stm32f10x_rcc.o(.text)
    RCC_GetClocksFreq                        0x08000a05   Thumb Code   192  stm32f10x_rcc.o(.text)
    RCC_AHBPeriphClockCmd                    0x08000ac5   Thumb Code    26  stm32f10x_rcc.o(.text)
    RCC_APB2PeriphClockCmd                   0x08000adf   Thumb Code    26  stm32f10x_rcc.o(.text)
    RCC_APB1PeriphClockCmd                   0x08000af9   Thumb Code    26  stm32f10x_rcc.o(.text)
    RCC_APB2PeriphResetCmd                   0x08000b13   Thumb Code    26  stm32f10x_rcc.o(.text)
    RCC_APB1PeriphResetCmd                   0x08000b2d   Thumb Code    26  stm32f10x_rcc.o(.text)
    RCC_BackupResetCmd                       0x08000b47   Thumb Code     8  stm32f10x_rcc.o(.text)
    RCC_ClockSecuritySystemCmd               0x08000b4f   Thumb Code     6  stm32f10x_rcc.o(.text)
    RCC_MCOConfig                            0x08000b55   Thumb Code     6  stm32f10x_rcc.o(.text)
    RCC_GetFlagStatus                        0x08000b5b   Thumb Code    56  stm32f10x_rcc.o(.text)
    RCC_ClearFlag                            0x08000b93   Thumb Code    14  stm32f10x_rcc.o(.text)
    RCC_GetITStatus                          0x08000ba1   Thumb Code    20  stm32f10x_rcc.o(.text)
    RCC_ClearITPendingBit                    0x08000bb5   Thumb Code     6  stm32f10x_rcc.o(.text)
    SysTick_CLKSourceConfig                  0x08000be1   Thumb Code    40  stm32f10x_systick.o(.text)
    SysTick_SetReload                        0x08000c09   Thumb Code     8  stm32f10x_systick.o(.text)
    SysTick_CounterCmd                       0x08000c11   Thumb Code    52  stm32f10x_systick.o(.text)
    SysTick_ITConfig                         0x08000c45   Thumb Code    38  stm32f10x_systick.o(.text)
    SysTick_GetCounter                       0x08000c6b   Thumb Code     8  stm32f10x_systick.o(.text)
    SysTick_GetFlagStatus                    0x08000c73   Thumb Code    50  stm32f10x_systick.o(.text)
    TIM_DeInit                               0x08000ca5   Thumb Code    84  stm32f10x_tim.o(.text)
    TIM_TimeBaseInit                         0x08000cf9   Thumb Code    30  stm32f10x_tim.o(.text)
    TIM_OCInit                               0x08000d17   Thumb Code   214  stm32f10x_tim.o(.text)
    TIM_SetIC1Prescaler                      0x08000ded   Thumb Code    18  stm32f10x_tim.o(.text)
    TIM_SetIC2Prescaler                      0x08000e37   Thumb Code    26  stm32f10x_tim.o(.text)
    TIM_SetIC4Prescaler                      0x08000f1d   Thumb Code    26  stm32f10x_tim.o(.text)
    TIM_SetIC3Prescaler                      0x08000f89   Thumb Code    18  stm32f10x_tim.o(.text)
    TIM_ICInit                               0x08000fdd   Thumb Code   126  stm32f10x_tim.o(.text)
    TIM_TimeBaseStructInit                   0x0800105b   Thumb Code    12  stm32f10x_tim.o(.text)
    TIM_OCStructInit                         0x08001067   Thumb Code    12  stm32f10x_tim.o(.text)
    TIM_ICStructInit                         0x08001073   Thumb Code    34  stm32f10x_tim.o(.text)
    TIM_Cmd                                  0x08001095   Thumb Code    24  stm32f10x_tim.o(.text)
    TIM_ITConfig                             0x080010ad   Thumb Code    18  stm32f10x_tim.o(.text)
    TIM_DMAConfig                            0x080010bf   Thumb Code    22  stm32f10x_tim.o(.text)
    TIM_DMACmd                               0x080010d5   Thumb Code    24  stm32f10x_tim.o(.text)
    TIM_InternalClockConfig                  0x080010ed   Thumb Code    12  stm32f10x_tim.o(.text)
    TIM_SelectInputTrigger                   0x080010f9   Thumb Code    18  stm32f10x_tim.o(.text)
    TIM_ITRxExternalClockConfig              0x0800110b   Thumb Code    24  stm32f10x_tim.o(.text)
    TIM_TIxExternalClockConfig               0x08001123   Thumb Code    62  stm32f10x_tim.o(.text)
    TIM_ETRClockMode1Config                  0x0800117b   Thumb Code    64  stm32f10x_tim.o(.text)
    TIM_ETRClockMode2Config                  0x080011bb   Thumb Code    36  stm32f10x_tim.o(.text)
    TIM_PrescalerConfig                      0x080011df   Thumb Code    26  stm32f10x_tim.o(.text)
    TIM_CounterModeConfig                    0x080011f9   Thumb Code    18  stm32f10x_tim.o(.text)
    TIM_ForcedOC1Config                      0x0800120b   Thumb Code    18  stm32f10x_tim.o(.text)
    TIM_ForcedOC2Config                      0x0800121d   Thumb Code    26  stm32f10x_tim.o(.text)
    TIM_ForcedOC3Config                      0x08001237   Thumb Code    18  stm32f10x_tim.o(.text)
    TIM_ForcedOC4Config                      0x08001249   Thumb Code    26  stm32f10x_tim.o(.text)
    TIM_ARRPreloadConfig                     0x08001263   Thumb Code    24  stm32f10x_tim.o(.text)
    TIM_SelectCCDMA                          0x0800127b   Thumb Code    22  stm32f10x_tim.o(.text)
    TIM_OC1PreloadConfig                     0x08001291   Thumb Code    18  stm32f10x_tim.o(.text)
    TIM_OC2PreloadConfig                     0x080012a3   Thumb Code    26  stm32f10x_tim.o(.text)
    TIM_OC3PreloadConfig                     0x080012bd   Thumb Code    18  stm32f10x_tim.o(.text)
    TIM_OC4PreloadConfig                     0x080012cf   Thumb Code    26  stm32f10x_tim.o(.text)
    TIM_OC1FastConfig                        0x080012e9   Thumb Code    18  stm32f10x_tim.o(.text)
    TIM_OC2FastConfig                        0x080012fb   Thumb Code    26  stm32f10x_tim.o(.text)
    TIM_OC3FastConfig                        0x08001315   Thumb Code    18  stm32f10x_tim.o(.text)
    TIM_OC4FastConfig                        0x08001327   Thumb Code    26  stm32f10x_tim.o(.text)
    TIM_UpdateDisableConfig                  0x08001341   Thumb Code    24  stm32f10x_tim.o(.text)
    TIM_EncoderInterfaceConfig               0x08001359   Thumb Code    66  stm32f10x_tim.o(.text)
    TIM_GenerateEvent                        0x0800139b   Thumb Code     8  stm32f10x_tim.o(.text)
    TIM_OC1PolarityConfig                    0x080013a3   Thumb Code    18  stm32f10x_tim.o(.text)
    TIM_OC2PolarityConfig                    0x080013b5   Thumb Code    26  stm32f10x_tim.o(.text)
    TIM_OC3PolarityConfig                    0x080013cf   Thumb Code    26  stm32f10x_tim.o(.text)
    TIM_OC4PolarityConfig                    0x080013e9   Thumb Code    26  stm32f10x_tim.o(.text)
    TIM_UpdateRequestConfig                  0x08001403   Thumb Code    26  stm32f10x_tim.o(.text)
    TIM_SelectHallSensor                     0x0800141d   Thumb Code    24  stm32f10x_tim.o(.text)
    TIM_SelectOnePulseMode                   0x08001435   Thumb Code    18  stm32f10x_tim.o(.text)
    TIM_SelectOutputTrigger                  0x08001447   Thumb Code    16  stm32f10x_tim.o(.text)
    TIM_SelectSlaveMode                      0x08001457   Thumb Code    18  stm32f10x_tim.o(.text)
    TIM_SelectMasterSlaveMode                0x08001469   Thumb Code    18  stm32f10x_tim.o(.text)
    TIM_SetAutoreload                        0x0800147b   Thumb Code     4  stm32f10x_tim.o(.text)
    TIM_SetCompare1                          0x0800147f   Thumb Code     4  stm32f10x_tim.o(.text)
    TIM_SetCompare2                          0x08001483   Thumb Code     4  stm32f10x_tim.o(.text)
    TIM_SetCompare3                          0x08001487   Thumb Code     4  stm32f10x_tim.o(.text)
    TIM_SetCompare4                          0x0800148b   Thumb Code     6  stm32f10x_tim.o(.text)
    TIM_SetClockDivision                     0x08001491   Thumb Code    14  stm32f10x_tim.o(.text)
    TIM_GetCapture1                          0x0800149f   Thumb Code     6  stm32f10x_tim.o(.text)
    TIM_GetCapture2                          0x080014a5   Thumb Code     6  stm32f10x_tim.o(.text)
    TIM_GetCapture3                          0x080014ab   Thumb Code     6  stm32f10x_tim.o(.text)
    TIM_GetCapture4                          0x080014b1   Thumb Code     8  stm32f10x_tim.o(.text)
    TIM_GetCounter                           0x080014b9   Thumb Code     6  stm32f10x_tim.o(.text)
    TIM_GetPrescaler                         0x080014bf   Thumb Code     6  stm32f10x_tim.o(.text)
    TIM_GetFlagStatus                        0x080014c5   Thumb Code    18  stm32f10x_tim.o(.text)
    TIM_ClearFlag                            0x080014d7   Thumb Code     8  stm32f10x_tim.o(.text)
    TIM_GetITStatus                          0x080014df   Thumb Code    34  stm32f10x_tim.o(.text)
    TIM_ClearITPendingBit                    0x08001501   Thumb Code     8  stm32f10x_tim.o(.text)
    USART_DeInit                             0x08001509   Thumb Code    88  stm32f10x_usart.o(.text)
    USART_Init                               0x08001561   Thumb Code   168  stm32f10x_usart.o(.text)
    USART_StructInit                         0x08001609   Thumb Code    32  stm32f10x_usart.o(.text)
    USART_Cmd                                0x08001629   Thumb Code    24  stm32f10x_usart.o(.text)
    USART_ITConfig                           0x08001641   Thumb Code    64  stm32f10x_usart.o(.text)
    USART_DMACmd                             0x08001681   Thumb Code    18  stm32f10x_usart.o(.text)
    USART_SetAddress                         0x08001693   Thumb Code    18  stm32f10x_usart.o(.text)
    USART_WakeUpConfig                       0x080016a5   Thumb Code    18  stm32f10x_usart.o(.text)
    USART_ReceiverWakeUpCmd                  0x080016b7   Thumb Code    24  stm32f10x_usart.o(.text)
    USART_LINBreakDetectLengthConfig         0x080016cf   Thumb Code    18  stm32f10x_usart.o(.text)
    USART_LINCmd                             0x080016e1   Thumb Code    24  stm32f10x_usart.o(.text)
    USART_SendData                           0x080016f9   Thumb Code     8  stm32f10x_usart.o(.text)
    USART_ReceiveData                        0x08001701   Thumb Code    10  stm32f10x_usart.o(.text)
    USART_SendBreak                          0x0800170b   Thumb Code    10  stm32f10x_usart.o(.text)
    USART_SetGuardTime                       0x08001715   Thumb Code    16  stm32f10x_usart.o(.text)
    USART_SetPrescaler                       0x08001725   Thumb Code    16  stm32f10x_usart.o(.text)
    USART_SmartCardCmd                       0x08001735   Thumb Code    24  stm32f10x_usart.o(.text)
    USART_SmartCardNACKCmd                   0x0800174d   Thumb Code    24  stm32f10x_usart.o(.text)
    USART_HalfDuplexCmd                      0x08001765   Thumb Code    24  stm32f10x_usart.o(.text)
    USART_IrDAConfig                         0x0800177d   Thumb Code    18  stm32f10x_usart.o(.text)
    USART_IrDACmd                            0x0800178f   Thumb Code    24  stm32f10x_usart.o(.text)
    USART_GetFlagStatus                      0x080017a7   Thumb Code    18  stm32f10x_usart.o(.text)
    USART_ClearFlag                          0x080017b9   Thumb Code     8  stm32f10x_usart.o(.text)
    USART_GetITStatus                        0x080017c1   Thumb Code    76  stm32f10x_usart.o(.text)
    USART_ClearITPendingBit                  0x0800180d   Thumb Code    22  stm32f10x_usart.o(.text)
    __WFI                                    0x0800182d   Thumb Code     0  cortexm3_macro_rvds.o(.text)
    __WFE                                    0x08001831   Thumb Code     0  cortexm3_macro_rvds.o(.text)
    __SEV                                    0x08001835   Thumb Code     0  cortexm3_macro_rvds.o(.text)
    __ISB                                    0x08001839   Thumb Code     0  cortexm3_macro_rvds.o(.text)
    __DSB                                    0x0800183f   Thumb Code     0  cortexm3_macro_rvds.o(.text)
    __DMB                                    0x08001845   Thumb Code     0  cortexm3_macro_rvds.o(.text)
    __SVC                                    0x0800184b   Thumb Code     0  cortexm3_macro_rvds.o(.text)
    __MRS_CONTROL                            0x0800184f   Thumb Code     0  cortexm3_macro_rvds.o(.text)
    __MSR_CONTROL                            0x08001855   Thumb Code     0  cortexm3_macro_rvds.o(.text)
    __MRS_PSP                                0x0800185f   Thumb Code     0  cortexm3_macro_rvds.o(.text)
    __MSR_PSP                                0x08001865   Thumb Code     0  cortexm3_macro_rvds.o(.text)
    __MRS_MSP                                0x0800186b   Thumb Code     0  cortexm3_macro_rvds.o(.text)
    __MSR_MSP                                0x08001871   Thumb Code     0  cortexm3_macro_rvds.o(.text)
    __SETPRIMASK                             0x08001877   Thumb Code     0  cortexm3_macro_rvds.o(.text)
    __RESETPRIMASK                           0x0800187b   Thumb Code     0  cortexm3_macro_rvds.o(.text)
    __SETFAULTMASK                           0x0800187f   Thumb Code     0  cortexm3_macro_rvds.o(.text)
    __RESETFAULTMASK                         0x08001883   Thumb Code     0  cortexm3_macro_rvds.o(.text)
    __BASEPRICONFIG                          0x08001887   Thumb Code     0  cortexm3_macro_rvds.o(.text)
    __GetBASEPRI                             0x0800188d   Thumb Code     0  cortexm3_macro_rvds.o(.text)
    __REV_HalfWord                           0x08001893   Thumb Code     0  cortexm3_macro_rvds.o(.text)
    __REV_Word                               0x08001897   Thumb Code     0  cortexm3_macro_rvds.o(.text)
    assert_failed                            0x0800189d   Thumb Code    18  main.o(.text)
    setupInputModule                         0x080018af   Thumb Code    84  main.o(.text)
    setupActuatorModule                      0x08001903   Thumb Code   102  main.o(.text)
    getCarPosition                           0x08001969   Thumb Code    10  main.o(.text)
    setCarTargetPosition                     0x08001973   Thumb Code    18  main.o(.text)
    getCarTargetPosition                     0x08001985   Thumb Code     6  main.o(.text)
    setCarMotorStopped                       0x0800198b   Thumb Code    14  main.o(.text)
    main                                     0x08001999   Thumb Code    48  main.o(.text)
    prvSetupHardware                         0x08001a1d   Thumb Code   152  setup.o(.text)
    fputc                                    0x08001ab5   Thumb Code    24  setup.o(.text)
    setupPinListeners                        0x08001d01   Thumb Code    46  pin_listener.o(.text)
    setupPositionTracker                     0x08001dc3   Thumb Code    92  position_tracker.o(.text)
    setDirection                             0x08001e1f   Thumb Code     4  position_tracker.o(.text)
    getPosition                              0x08001e23   Thumb Code     6  position_tracker.o(.text)
    updatePosition                           0x08001e29   Thumb Code    24  position_tracker.o(.text)
    setupMotor                               0x08002015   Thumb Code   156  motor.o(.text)
    setTargetPosition                        0x080020b1   Thumb Code    34  motor.o(.text)
    setMotorStopped                          0x080020d3   Thumb Code    34  motor.o(.text)
    setupPlanner                             0x080023c1   Thumb Code    28  planner.o(.text)
    setupSafety                              0x08002a35   Thumb Code    28  safety.o(.text)
    pvPortMalloc                             0x08002b11   Thumb Code   194  heap_2.o(.text)
    vPortFree                                0x08002bd3   Thumb Code    56  heap_2.o(.text)
    xPortGetFreeHeapSize                     0x08002c0b   Thumb Code     6  heap_2.o(.text)
    vPortInitialiseBlocks                    0x08002c11   Thumb Code     2  heap_2.o(.text)
    vListInitialise                          0x08002c29   Thumb Code    26  list.o(.text)
    vListInitialiseItem                      0x08002c43   Thumb Code     6  list.o(.text)
    vListInsertEnd                           0x08002c49   Thumb Code    28  list.o(.text)
    vListInsert                              0x08002c65   Thumb Code    52  list.o(.text)
    vListRemove                              0x08002c99   Thumb Code    36  list.o(.text)
    pxPortInitialiseStack                    0x08002cbd   Thumb Code    26  port.o(.text)
    xPortStartScheduler                      0x08002ce5   Thumb Code    42  port.o(.text)
    vPortEndScheduler                        0x08002d0f   Thumb Code     2  port.o(.text)
    vPortYieldFromISR                        0x08002d11   Thumb Code    12  port.o(.text)
    vPortEnterCritical                       0x08002d1d   Thumb Code    18  port.o(.text)
    vPortExitCritical                        0x08002d2f   Thumb Code    24  port.o(.text)
    xPortSysTickHandler                      0x08002d47   Thumb Code    28  port.o(.text)
    xQueueCreate                             0x08002d71   Thumb Code   108  queue.o(.text)
    xQueueGenericSend                        0x08002ed3   Thumb Code   206  queue.o(.text)
    xQueueCreateMutex                        0x08002fa1   Thumb Code    70  queue.o(.text)
    xQueueGenericSendFromISR                 0x08002fe7   Thumb Code    86  queue.o(.text)
    xQueueGenericReceive                     0x08003083   Thumb Code   272  queue.o(.text)
    xQueueReceiveFromISR                     0x08003193   Thumb Code    84  queue.o(.text)
    uxQueueMessagesWaiting                   0x080031e7   Thumb Code    18  queue.o(.text)
    uxQueueMessagesWaitingFromISR            0x080031f9   Thumb Code     6  queue.o(.text)
    vQueueDelete                             0x080031ff   Thumb Code    18  queue.o(.text)
    xQueueIsQueueEmptyFromISR                0x08003211   Thumb Code    16  queue.o(.text)
    xQueueIsQueueFullFromISR                 0x08003221   Thumb Code    20  queue.o(.text)
    xTaskGenericCreate                       0x080032fb   Thumb Code   240  tasks.o(.text)
    vTaskDelete                              0x080033eb   Thumb Code    94  tasks.o(.text)
    vTaskIncrementTick                       0x08003449   Thumb Code   160  tasks.o(.text)
    xTaskResumeAll                           0x080034e9   Thumb Code   186  tasks.o(.text)
    vTaskSuspendAll                          0x080035a3   Thumb Code    12  tasks.o(.text)
    vTaskDelayUntil                          0x080035af   Thumb Code   228  tasks.o(.text)
    vTaskDelay                               0x08003693   Thumb Code    86  tasks.o(.text)
    uxTaskPriorityGet                        0x080036e9   Thumb Code    30  tasks.o(.text)
    vTaskPrioritySet                         0x08003707   Thumb Code   160  tasks.o(.text)
    vTaskSwitchContext                       0x080037a7   Thumb Code    92  tasks.o(.text)
    vTaskSuspend                             0x08003803   Thumb Code    96  tasks.o(.text)
    xTaskIsTaskSuspended                     0x08003863   Thumb Code    60  tasks.o(.text)
    vTaskResume                              0x0800389f   Thumb Code    92  tasks.o(.text)
    xTaskResumeFromISR                       0x080038fb   Thumb Code   100  tasks.o(.text)
    vTaskStartScheduler                      0x080039e3   Thumb Code    52  tasks.o(.text)
    vTaskEndScheduler                        0x08003a17   Thumb Code    18  tasks.o(.text)
    xTaskGetTickCount                        0x08003a29   Thumb Code    18  tasks.o(.text)
    xTaskGetTickCountFromISR                 0x08003a3b   Thumb Code     6  tasks.o(.text)
    uxTaskGetNumberOfTasks                   0x08003a41   Thumb Code     6  tasks.o(.text)
    vTaskPlaceOnEventList                    0x08003a47   Thumb Code   170  tasks.o(.text)
    xTaskRemoveFromEventList                 0x08003af1   Thumb Code   106  tasks.o(.text)
    vTaskSetTimeOutState                     0x08003b5b   Thumb Code    14  tasks.o(.text)
    xTaskCheckForTimeOut                     0x08003b69   Thumb Code    92  tasks.o(.text)
    vTaskMissedYield                         0x08003bc5   Thumb Code     8  tasks.o(.text)
    xTaskGetCurrentTaskHandle                0x08003bcd   Thumb Code     6  tasks.o(.text)
    vTaskPriorityInherit                     0x08003bd3   Thumb Code   108  tasks.o(.text)
    vTaskPriorityDisinherit                  0x08003c3f   Thumb Code    70  tasks.o(.text)
    xSerialPortInitMinimal                   0x08003cad   Thumb Code   226  serial.o(.text)
    xSerialGetChar                           0x08003d8f   Thumb Code    32  serial.o(.text)
    xSerialPutChar                           0x08003daf   Thumb Code    46  serial.o(.text)
    vSerialPutString                         0x08003ddd   Thumb Code    38  serial.o(.text)
    vSerialClose                             0x08003e03   Thumb Code     2  serial.o(.text)
    vUARTInterruptHandler                    0x08003e05   Thumb Code   108  serial.o(.text)
    __aeabi_memcpy                           0x08003e81   Thumb Code    36  memcpya.o(.text)
    __aeabi_memcpy4                          0x08003e81   Thumb Code     0  memcpya.o(.text)
    __aeabi_memcpy8                          0x08003e81   Thumb Code     0  memcpya.o(.text)
    __aeabi_memset                           0x08003ea5   Thumb Code    14  memseta.o(.text)
    __aeabi_memset4                          0x08003ea5   Thumb Code     0  memseta.o(.text)
    __aeabi_memset8                          0x08003ea5   Thumb Code     0  memseta.o(.text)
    __aeabi_memclr                           0x08003eb3   Thumb Code     4  memseta.o(.text)
    __aeabi_memclr4                          0x08003eb3   Thumb Code     0  memseta.o(.text)
    __aeabi_memclr8                          0x08003eb3   Thumb Code     0  memseta.o(.text)
    _memset$wrapper                          0x08003eb7   Thumb Code    18  memseta.o(.text)
    strncpy                                  0x08003ec9   Thumb Code    24  strncpy.o(.text)
    __aeabi_dmul                             0x08003ee1   Thumb Code   228  dmul.o(.text)
    __aeabi_i2d                              0x08003fc5   Thumb Code    34  dflti.o(.text)
    __aeabi_f2d                              0x08003fe7   Thumb Code    38  f2d.o(.text)
    __aeabi_cdcmpeq                          0x0800400d   Thumb Code     0  cdcmple.o(.text)
    __aeabi_cdcmple                          0x0800400d   Thumb Code    48  cdcmple.o(.text)
    __aeabi_d2f                              0x0800403d   Thumb Code    56  d2f.o(.text)
    __aeabi_uldivmod                         0x08004075   Thumb Code    98  uldiv.o(.text)
    __I$use$fp                               0x080040d7   Thumb Code     0  iusefp.o(.text)
    _float_round                             0x080040d7   Thumb Code    18  fepilogue.o(.text)
    _float_epilogue                          0x080040e9   Thumb Code    92  fepilogue.o(.text)
    _double_round                            0x08004145   Thumb Code    30  depilogue.o(.text)
    _double_epilogue                         0x08004163   Thumb Code   156  depilogue.o(.text)
    __scatterload                            0x08004201   Thumb Code    28  init.o(.text)
    __scatterload_rt2                        0x08004201   Thumb Code     0  init.o(.text)
    __aeabi_llsl                             0x08004225   Thumb Code    30  llshl.o(.text)
    _ll_shift_l                              0x08004225   Thumb Code     0  llshl.o(.text)
    __aeabi_llsr                             0x08004243   Thumb Code    32  llushr.o(.text)
    _ll_ushift_r                             0x08004243   Thumb Code     0  llushr.o(.text)
    __0printf$4                              0x08004265   Thumb Code    22  printf4.o(i.__0printf$4)
    __1printf$4                              0x08004265   Thumb Code     0  printf4.o(i.__0printf$4)
    __2printf                                0x08004265   Thumb Code     0  printf4.o(i.__0printf$4)
    __scatterload_copy                       0x08004285   Thumb Code    14  handlers.o(i.__scatterload_copy)
    __scatterload_null                       0x08004293   Thumb Code     2  handlers.o(i.__scatterload_null)
    __scatterload_zeroinit                   0x08004295   Thumb Code    14  handlers.o(i.__scatterload_zeroinit)
    Region$$Table$$Base                      0x080044f4   Number         0  anon$$obj.o(Region$$Table)
    Region$$Table$$Limit                     0x08004514   Number         0  anon$$obj.o(Region$$Table)
    pinEventQueue                            0x20000000   Data           4  main.o(.data)
    pinListeners                             0x20000004   Data          72  main.o(.data)
    listenerSet                              0x2000004c   Data          20  main.o(.data)
    targetPosition                           0x20000060   Data           4  main.o(.data)
    pin0Status                               0x20000068   Data           1  pin_listener.o(.data)
    pin1Status                               0x20000069   Data           1  pin_listener.o(.data)
    pin2Status                               0x2000006a   Data           1  pin_listener.o(.data)
    pin3Status                               0x2000006b   Data           1  pin_listener.o(.data)
    pin7Status                               0x2000006c   Data           1  pin_listener.o(.data)
    pin8Status                               0x2000006d   Data           1  pin_listener.o(.data)
    message                                  0x20000074   Data           1  planner.o(.data)
    plannerQueue                             0x20000078   Data           4  planner.o(.data)
    messageToFloor1                          0x2000007c   Data           1  planner.o(.data)
    messageToFloor2                          0x2000007d   Data           1  planner.o(.data)
    messageToFloor3                          0x2000007e   Data           1  planner.o(.data)
    desiredCarPosition                       0x20000080   Data           4  planner.o(.data)
    doors_opened_run_once                    0x20000088   Data           4  safety.o(.data)
    doors_arrived_at_floor                   0x2000008c   Data           4  safety.o(.data)
    doors_opened                             0x20000090   Data           4  safety.o(.data)
    pxCurrentTCB                             0x200000b0   Data           4  tasks.o(.data)
    __stdout                                 0x200000f0   Data           4  stdout.o(.data)
    carPositionTracker                       0x200000f4   Data          24  main.o(.bss)
    carMotor                                 0x2000010c   Data          28  main.o(.bss)
    __initial_sp                             0x200047f0   Data           0  stm32f10x.o(STACK)



==============================================================================

Memory Map of the image

  Image Entry point : 0x080000ed

  Load Region LR_IROM1 (Base: 0x08000000, Size: 0x00004608, Max: 0x00020000, ABSOLUTE)

    Execution Region ER_IROM1 (Exec base: 0x08000000, Load base: 0x08000000, Size: 0x00004514, Max: 0x00020000, ABSOLUTE)

    Exec Addr    Load Addr    Size         Type   Attr      Idx    E Section Name        Object

    0x08000000   0x08000000   0x000000ec   Data   RO            3    RESET               stm32f10x.o
    0x080000ec   0x080000ec   0x00000000   Code   RO          446  * .ARM.Collect$$$$00000000  mc_w.l(entry.o)
    0x080000ec   0x080000ec   0x00000004   Code   RO          728    .ARM.Collect$$$$00000001  mc_w.l(entry2.o)
    0x080000f0   0x080000f0   0x00000004   Code   RO          731    .ARM.Collect$$$$00000004  mc_w.l(entry5.o)
    0x080000f4   0x080000f4   0x00000000   Code   RO          733    .ARM.Collect$$$$00000008  mc_w.l(entry7b.o)
    0x080000f4   0x080000f4   0x00000000   Code   RO          735    .ARM.Collect$$$$0000000A  mc_w.l(entry8b.o)
    0x080000f4   0x080000f4   0x00000008   Code   RO          736    .ARM.Collect$$$$0000000B  mc_w.l(entry9a.o)
    0x080000fc   0x080000fc   0x00000000   Code   RO          738    .ARM.Collect$$$$0000000D  mc_w.l(entry10a.o)
    0x080000fc   0x080000fc   0x00000000   Code   RO          740    .ARM.Collect$$$$0000000F  mc_w.l(entry11a.o)
    0x080000fc   0x080000fc   0x00000004   Code   RO          729    .ARM.Collect$$$$00002712  mc_w.l(entry2.o)
    0x08000100   0x08000100   0x00000088   Code   RO          368    .emb_text           port.o
    0x08000188   0x08000188   0x0000001c   Code   RO            4    .text               stm32f10x.o
    0x080001a4   0x080001a4   0x000002e0   Code   RO           10    .text               stm32f10x_gpio.o
    0x08000484   0x08000484   0x000003e0   Code   RO           68    .text               stm32f10x_nvic.o
    0x08000864   0x08000864   0x0000037c   Code   RO           80    .text               stm32f10x_rcc.o
    0x08000be0   0x08000be0   0x000000c4   Code   RO          106    .text               stm32f10x_systick.o
    0x08000ca4   0x08000ca4   0x00000864   Code   RO          118    .text               stm32f10x_tim.o
    0x08001508   0x08001508   0x00000324   Code   RO          135    .text               stm32f10x_usart.o
    0x0800182c   0x0800182c   0x0000006e   Code   RO          147    .text               cortexm3_macro_rvds.o
    0x0800189a   0x0800189a   0x00000002   PAD
    0x0800189c   0x0800189c   0x00000180   Code   RO          150    .text               main.o
    0x08001a1c   0x08001a1c   0x000000b8   Code   RO          230    .text               setup.o
    0x08001ad4   0x08001ad4   0x00000294   Code   RO          250    .text               pin_listener.o
    0x08001d68   0x08001d68   0x00000124   Code   RO          275    .text               position_tracker.o
    0x08001e8c   0x08001e8c   0x0000027c   Code   RO          293    .text               motor.o
    0x08002108   0x08002108   0x00000598   Code   RO          305    .text               planner.o
    0x080026a0   0x080026a0   0x00000470   Code   RO          320    .text               safety.o
    0x08002b10   0x08002b10   0x00000118   Code   RO          335    .text               heap_2.o
    0x08002c28   0x08002c28   0x00000094   Code   RO          356    .text               list.o
    0x08002cbc   0x08002cbc   0x000000b4   Code   RO          369    .text               port.o
    0x08002d70   0x08002d70   0x000004c4   Code   RO          386    .text               queue.o
    0x08003234   0x08003234   0x00000a78   Code   RO          404    .text               tasks.o
    0x08003cac   0x08003cac   0x000001d4   Code   RO          432    .text               serial.o
    0x08003e80   0x08003e80   0x00000024   Code   RO          449    .text               mc_w.l(memcpya.o)
    0x08003ea4   0x08003ea4   0x00000024   Code   RO          451    .text               mc_w.l(memseta.o)
    0x08003ec8   0x08003ec8   0x00000018   Code   RO          453    .text               mc_w.l(strncpy.o)
    0x08003ee0   0x08003ee0   0x000000e4   Code   RO          718    .text               mf_w.l(dmul.o)
    0x08003fc4   0x08003fc4   0x00000022   Code   RO          720    .text               mf_w.l(dflti.o)
    0x08003fe6   0x08003fe6   0x00000026   Code   RO          722    .text               mf_w.l(f2d.o)
    0x0800400c   0x0800400c   0x00000030   Code   RO          724    .text               mf_w.l(cdcmple.o)
    0x0800403c   0x0800403c   0x00000038   Code   RO          726    .text               mf_w.l(d2f.o)
    0x08004074   0x08004074   0x00000062   Code   RO          745    .text               mc_w.l(uldiv.o)
    0x080040d6   0x080040d6   0x00000000   Code   RO          747    .text               mc_w.l(iusefp.o)
    0x080040d6   0x080040d6   0x0000006e   Code   RO          748    .text               mf_w.l(fepilogue.o)
    0x08004144   0x08004144   0x000000ba   Code   RO          750    .text               mf_w.l(depilogue.o)
    0x080041fe   0x080041fe   0x00000002   PAD
    0x08004200   0x08004200   0x00000024   Code   RO          760    .text               mc_w.l(init.o)
    0x08004224   0x08004224   0x0000001e   Code   RO          762    .text               mc_w.l(llshl.o)
    0x08004242   0x08004242   0x00000020   Code   RO          764    .text               mc_w.l(llushr.o)
    0x08004262   0x08004262   0x00000002   PAD
    0x08004264   0x08004264   0x00000020   Code   RO          568    i.__0printf$4       mc_w.l(printf4.o)
    0x08004284   0x08004284   0x0000000e   Code   RO          770    i.__scatterload_copy  mc_w.l(handlers.o)
    0x08004292   0x08004292   0x00000002   Code   RO          771    i.__scatterload_null  mc_w.l(handlers.o)
    0x08004294   0x08004294   0x0000000e   Code   RO          772    i.__scatterload_zeroinit  mc_w.l(handlers.o)
    0x080042a2   0x080042a2   0x00000002   PAD
    0x080042a4   0x080042a4   0x0000022c   Code   RO          575    i._printf_core      mc_w.l(printf4.o)
    0x080044d0   0x080044d0   0x00000014   Data   RO           81    .constdata          stm32f10x_rcc.o
    0x080044e4   0x080044e4   0x00000010   Data   RO          119    .constdata          stm32f10x_tim.o
    0x080044f4   0x080044f4   0x00000020   Data   RO          768    Region$$Table       anon$$obj.o


    Execution Region RW_IRAM1 (Exec base: 0x20000000, Load base: 0x08004514, Size: 0x000047f0, Max: 0x00005000, ABSOLUTE)

    Exec Addr    Load Addr    Size         Type   Attr      Idx    E Section Name        Object

    0x20000000   0x08004514   0x00000064   Data   RW          152    .data               main.o
    0x20000064   0x08004578   0x00000004   Data   RW          231    .data               setup.o
    0x20000068   0x0800457c   0x00000006   Data   RW          251    .data               pin_listener.o
    0x2000006e   0x08004582   0x00000002   PAD
    0x20000070   0x08004584   0x00000004   Data   RW          276    .data               position_tracker.o
    0x20000074   0x08004588   0x00000010   Data   RW          306    .data               planner.o
    0x20000084   0x08004598   0x00000010   Data   RW          321    .data               safety.o
    0x20000094   0x080045a8   0x00000018   Data   RW          337    .data               heap_2.o
    0x200000ac   0x080045c0   0x00000004   Data   RW          370    .data               port.o
    0x200000b0   0x080045c4   0x00000038   Data   RW          406    .data               tasks.o
    0x200000e8   0x080045fc   0x00000008   Data   RW          433    .data               serial.o
    0x200000f0   0x08004604   0x00000004   Data   RW          742    .data               mc_w.l(stdout.o)
    0x200000f4        -       0x00000034   Zero   RW          151    .bss                main.o
    0x20000128        -       0x00004400   Zero   RW          336    .bss                heap_2.o
    0x20004528        -       0x000000c8   Zero   RW          405    .bss                tasks.o
    0x200045f0        -       0x00000200   Zero   RW            1    STACK               stm32f10x.o


==============================================================================

Image component sizes


      Code (inc. data)   RO Data    RW Data    ZI Data      Debug   Object Name

       110          0          0          0          0        476   cortexm3_macro_rvds.o
       280         22          0         24      17408       5140   heap_2.o
       148          0          0          0          0       1977   list.o
       384         84          0        100         52      16270   main.o
       636         20          0          0          0       3583   motor.o
       660         58          0          6          0       3828   pin_listener.o
      1432        708          0         16          0       1697   planner.o
       316         26          0          4          0       2745   port.o
       292         76          0          4          0       2619   position_tracker.o
      1220          0          0          0          0       7395   queue.o
      1136        192          0         16          0       2166   safety.o
       468         16          0          8          0       2707   serial.o
       184          8          0          4          0       2045   setup.o
        28          4        236          0        512        884   stm32f10x.o
       736         16          0          0          0      28319   stm32f10x_gpio.o
         0          0          0          0          0      11332   stm32f10x_lib.o
       992         30          0          0          0       7440   stm32f10x_nvic.o
       892         38         20          0          0       8678   stm32f10x_rcc.o
       196          0          0          0          0       1697   stm32f10x_systick.o
      2148         12         16          0          0      32152   stm32f10x_tim.o
       804         10          0          0          0       7409   stm32f10x_usart.o
      2680        190          0         56        200      12565   tasks.o

    ----------------------------------------------------------------------
     15744       1510        304        240      18172     163124   Object Totals
         0          0         32          0          0          0   (incl. Generated)
         2          0          0          2          0          0   (incl. Padding)

    ----------------------------------------------------------------------

      Code (inc. data)   RO Data    RW Data    ZI Data      Debug   Library Member Name

         0          0          0          0          0          0   entry.o
         0          0          0          0          0          0   entry10a.o
         0          0          0          0          0          0   entry11a.o
         8          4          0          0          0          0   entry2.o
         4          0          0          0          0          0   entry5.o
         0          0          0          0          0          0   entry7b.o
         0          0          0          0          0          0   entry8b.o
         8          4          0          0          0          0   entry9a.o
        30          0          0          0          0          0   handlers.o
        36          8          0          0          0         68   init.o
         0          0          0          0          0          0   iusefp.o
        30          0          0          0          0         68   llshl.o
        32          0          0          0          0         68   llushr.o
        36          0          0          0          0         68   memcpya.o
        36          0          0          0          0        108   memseta.o
       588         14          0          0          0        184   printf4.o
         0          0          0          4          0          0   stdout.o
        24          0          0          0          0         76   strncpy.o
        98          0          0          0          0         92   uldiv.o
        48          0          0          0          0         68   cdcmple.o
        56          0          0          0          0         88   d2f.o
       186          0          0          0          0        176   depilogue.o
        34          0          0          0          0         76   dflti.o
       228          0          0          0          0         96   dmul.o
        38          0          0          0          0         68   f2d.o
       110          0          0          0          0        168   fepilogue.o

    ----------------------------------------------------------------------
      1636         30          0          4          0       1472   Library Totals
         6          0          0          0          0          0   (incl. Padding)

    ----------------------------------------------------------------------

      Code (inc. data)   RO Data    RW Data    ZI Data      Debug   Library Name

       930         30          0          4          0        732   mc_w.l
       700          0          0          0          0        740   mf_w.l

    ----------------------------------------------------------------------
      1636         30          0          4          0       1472   Library Totals

    ----------------------------------------------------------------------

==============================================================================


      Code (inc. data)   RO Data    RW Data    ZI Data      Debug   

     17380       1540        304        244      18172     161732   Grand Totals
     17380       1540        304        244      18172     161732   ELF Image Totals
     17380       1540        304        244          0          0   ROM Totals

==============================================================================

    Total RO  Size (Code + RO Data)                17684 (  17.27kB)
    Total RW  Size (RW Data + ZI Data)             18416 (  17.98kB)
    Total ROM Size (Code + RO Data + RW Data)      17928 (  17.51kB)

==============================================================================

